[0.022s] Invoking command in '/home/lotanna/Desktop/ros2_car/build/description': CMAKE_PREFIX_PATH=${CMAKE_PREFIX_PATH}:/home/lotanna/Desktop/ros2_ws/install/robot_controller:/opt/ros/jazzy DEBUGINFOD_URLS=https://debuginfod.ubuntu.com /usr/bin/cmake /home/lotanna/Desktop/ros2_car/src/description -DCMAKE_INSTALL_PREFIX=/home/lotanna/Desktop/ros2_car/install/description
[0.845s] -- The C compiler identification is GNU 13.3.0
[1.465s] -- The CXX compiler identification is GNU 13.3.0
[1.786s] -- Detecting C compiler ABI info
[2.069s] -- Detecting C compiler ABI info - done
[2.101s] -- Check for working C compiler: /usr/bin/cc - skipped
[2.144s] -- Detecting C compile features
[2.156s] -- Detecting C compile features - done
[2.316s] -- Detecting CXX compiler ABI info
[2.558s] -- Detecting CXX compiler ABI info - done
[2.585s] -- Check for working CXX compiler: /usr/bin/c++ - skipped
[2.585s] -- Detecting CXX compile features
[2.586s] -- Detecting CXX compile features - done
[3.433s] -- Found ament_cmake: 2.5.3 (/opt/ros/jazzy/share/ament_cmake/cmake)
[3.865s] -- Found Python3: /usr/bin/python3 (found version "3.12.3") found components: Interpreter 
[5.166s] -- Found ament_lint_auto: 0.17.2 (/opt/ros/jazzy/share/ament_lint_auto/cmake)
[6.211s] -- Added test 'lint_cmake' to check CMake code style
[6.589s] -- Added test 'xmllint' to check XML markup files
[6.659s] -- Configuring done (6.6s)
[6.668s] -- Generating done (0.0s)
[6.671s] -- Build files have been written to: /home/lotanna/Desktop/ros2_car/build/description
[6.680s] Invoked command in '/home/lotanna/Desktop/ros2_car/build/description' returned '0': CMAKE_PREFIX_PATH=${CMAKE_PREFIX_PATH}:/home/lotanna/Desktop/ros2_ws/install/robot_controller:/opt/ros/jazzy DEBUGINFOD_URLS=https://debuginfod.ubuntu.com /usr/bin/cmake /home/lotanna/Desktop/ros2_car/src/description -DCMAKE_INSTALL_PREFIX=/home/lotanna/Desktop/ros2_car/install/description
[6.683s] Invoking command in '/home/lotanna/Desktop/ros2_car/build/description': CMAKE_PREFIX_PATH=${CMAKE_PREFIX_PATH}:/home/lotanna/Desktop/ros2_ws/install/robot_controller:/opt/ros/jazzy DEBUGINFOD_URLS=https://debuginfod.ubuntu.com /usr/bin/cmake --build /home/lotanna/Desktop/ros2_car/build/description -- -j4 -l4
[6.756s] Invoked command in '/home/lotanna/Desktop/ros2_car/build/description' returned '0': CMAKE_PREFIX_PATH=${CMAKE_PREFIX_PATH}:/home/lotanna/Desktop/ros2_ws/install/robot_controller:/opt/ros/jazzy DEBUGINFOD_URLS=https://debuginfod.ubuntu.com /usr/bin/cmake --build /home/lotanna/Desktop/ros2_car/build/description -- -j4 -l4
[6.775s] Invoking command in '/home/lotanna/Desktop/ros2_car/build/description': CMAKE_PREFIX_PATH=${CMAKE_PREFIX_PATH}:/home/lotanna/Desktop/ros2_ws/install/robot_controller:/opt/ros/jazzy DEBUGINFOD_URLS=https://debuginfod.ubuntu.com /usr/bin/cmake --install /home/lotanna/Desktop/ros2_car/build/description
[6.790s] -- Install configuration: ""
[6.791s] -- Installing: /home/lotanna/Desktop/ros2_car/install/description/share/ament_index/resource_index/package_run_dependencies/description
[6.791s] -- Installing: /home/lotanna/Desktop/ros2_car/install/description/share/ament_index/resource_index/parent_prefix_path/description
[6.791s] -- Installing: /home/lotanna/Desktop/ros2_car/install/description/share/description/environment/ament_prefix_path.sh
[6.792s] -- Installing: /home/lotanna/Desktop/ros2_car/install/description/share/description/environment/ament_prefix_path.dsv
[6.793s] -- Installing: /home/lotanna/Desktop/ros2_car/install/description/share/description/environment/path.sh
[6.793s] -- Installing: /home/lotanna/Desktop/ros2_car/install/description/share/description/environment/path.dsv
[6.793s] -- Installing: /home/lotanna/Desktop/ros2_car/install/description/share/description/local_setup.bash
[6.794s] -- Installing: /home/lotanna/Desktop/ros2_car/install/description/share/description/local_setup.sh
[6.795s] -- Installing: /home/lotanna/Desktop/ros2_car/install/description/share/description/local_setup.zsh
[6.795s] -- Installing: /home/lotanna/Desktop/ros2_car/install/description/share/description/local_setup.dsv
[6.795s] -- Installing: /home/lotanna/Desktop/ros2_car/install/description/share/description/package.dsv
[6.796s] -- Installing: /home/lotanna/Desktop/ros2_car/install/description/share/ament_index/resource_index/packages/description
[6.796s] -- Installing: /home/lotanna/Desktop/ros2_car/install/description/share/description/cmake/descriptionConfig.cmake
[6.797s] -- Installing: /home/lotanna/Desktop/ros2_car/install/description/share/description/cmake/descriptionConfig-version.cmake
[6.797s] -- Installing: /home/lotanna/Desktop/ros2_car/install/description/share/description/package.xml
[6.800s] Invoked command in '/home/lotanna/Desktop/ros2_car/build/description' returned '0': CMAKE_PREFIX_PATH=${CMAKE_PREFIX_PATH}:/home/lotanna/Desktop/ros2_ws/install/robot_controller:/opt/ros/jazzy DEBUGINFOD_URLS=https://debuginfod.ubuntu.com /usr/bin/cmake --install /home/lotanna/Desktop/ros2_car/build/description
