[2.673s] Invoking command in '/home/lotanna/Desktop/ros2_car/build/description': CMAKE_PREFIX_PATH=${CMAKE_PREFIX_PATH}:/home/lotanna/Desktop/ros2_ws/install/robot_controller:/opt/ros/jazzy DEBUGINFOD_URLS=https://debuginfod.ubuntu.com /usr/bin/cmake --build /home/lotanna/Desktop/ros2_car/build/description -- -j4 -l4
[12.713s] -- Found ament_cmake: 2.5.3 (/opt/ros/jazzy/share/ament_cmake/cmake)
[27.008s] -- Found ament_lint_auto: 0.17.2 (/opt/ros/jazzy/share/ament_lint_auto/cmake)
[38.175s] -- Added test 'flake8' to check Python code syntax and style conventions
[38.175s] -- Configured 'flake8' exclude dirs and/or files: 
[39.108s] -- Added test 'lint_cmake' to check CMake code style
[39.196s] -- Added test 'pep257' to check Python code against some of the docstring style conventions in PEP 257
[39.639s] -- Added test 'xmllint' to check XML markup files
[41.752s] -- Configuring done (33.5s)
[45.036s] -- Generating done (2.1s)
[45.508s] -- Build files have been written to: /home/lotanna/Desktop/ros2_car/build/description
[45.557s] Invoked command in '/home/lotanna/Desktop/ros2_car/build/description' returned '0': CMAKE_PREFIX_PATH=${CMAKE_PREFIX_PATH}:/home/lotanna/Desktop/ros2_ws/install/robot_controller:/opt/ros/jazzy DEBUGINFOD_URLS=https://debuginfod.ubuntu.com /usr/bin/cmake --build /home/lotanna/Desktop/ros2_car/build/description -- -j4 -l4
[45.579s] Invoking command in '/home/lotanna/Desktop/ros2_car/build/description': CMAKE_PREFIX_PATH=${CMAKE_PREFIX_PATH}:/home/lotanna/Desktop/ros2_ws/install/robot_controller:/opt/ros/jazzy DEBUGINFOD_URLS=https://debuginfod.ubuntu.com /usr/bin/cmake --install /home/lotanna/Desktop/ros2_car/build/description
[45.597s] -- Install configuration: ""
[45.601s] -- Installing: /home/lotanna/Desktop/ros2_car/install/description/share/description/urdf
[45.602s] -- Installing: /home/lotanna/Desktop/ros2_car/install/description/share/description/urdf/my_robot.urdf.xacro
[45.602s] -- Installing: /home/lotanna/Desktop/ros2_car/install/description/share/description/rviz
[45.603s] -- Installing: /home/lotanna/Desktop/ros2_car/install/description/share/description/mesh
[45.603s] -- Installing: /home/lotanna/Desktop/ros2_car/install/description/share/description/mesh/right_tire.stl
[45.605s] -- Installing: /home/lotanna/Desktop/ros2_car/install/description/share/description/mesh/left_tire.stl
[45.607s] -- Installing: /home/lotanna/Desktop/ros2_car/install/description/share/description/mesh/waffle_base.stl
[45.632s] -- Installing: /home/lotanna/Desktop/ros2_car/install/description/share/description/launch
[45.633s] -- Installing: /home/lotanna/Desktop/ros2_car/install/description/share/description/launch/display.launch.py
[45.633s] -- Up-to-date: /home/lotanna/Desktop/ros2_car/install/description/share/ament_index/resource_index/package_run_dependencies/description
[45.634s] -- Up-to-date: /home/lotanna/Desktop/ros2_car/install/description/share/ament_index/resource_index/parent_prefix_path/description
[45.634s] -- Up-to-date: /home/lotanna/Desktop/ros2_car/install/description/share/description/environment/ament_prefix_path.sh
[45.635s] -- Up-to-date: /home/lotanna/Desktop/ros2_car/install/description/share/description/environment/ament_prefix_path.dsv
[45.635s] -- Up-to-date: /home/lotanna/Desktop/ros2_car/install/description/share/description/environment/path.sh
[45.635s] -- Up-to-date: /home/lotanna/Desktop/ros2_car/install/description/share/description/environment/path.dsv
[45.635s] -- Up-to-date: /home/lotanna/Desktop/ros2_car/install/description/share/description/local_setup.bash
[45.635s] -- Up-to-date: /home/lotanna/Desktop/ros2_car/install/description/share/description/local_setup.sh
[45.636s] -- Up-to-date: /home/lotanna/Desktop/ros2_car/install/description/share/description/local_setup.zsh
[45.636s] -- Up-to-date: /home/lotanna/Desktop/ros2_car/install/description/share/description/local_setup.dsv
[45.636s] -- Up-to-date: /home/lotanna/Desktop/ros2_car/install/description/share/description/package.dsv
[45.636s] -- Up-to-date: /home/lotanna/Desktop/ros2_car/install/description/share/ament_index/resource_index/packages/description
[45.636s] -- Up-to-date: /home/lotanna/Desktop/ros2_car/install/description/share/description/cmake/descriptionConfig.cmake
[45.636s] -- Up-to-date: /home/lotanna/Desktop/ros2_car/install/description/share/description/cmake/descriptionConfig-version.cmake
[45.637s] -- Up-to-date: /home/lotanna/Desktop/ros2_car/install/description/share/description/package.xml
[45.658s] Invoked command in '/home/lotanna/Desktop/ros2_car/build/description' returned '0': CMAKE_PREFIX_PATH=${CMAKE_PREFIX_PATH}:/home/lotanna/Desktop/ros2_ws/install/robot_controller:/opt/ros/jazzy DEBUGINFOD_URLS=https://debuginfod.ubuntu.com /usr/bin/cmake --install /home/lotanna/Desktop/ros2_car/build/description
