[0.282s] DEBUG:colcon:Command line arguments: ['/usr/bin/colcon', 'build']
[0.282s] DEBUG:colcon:Parsed command line arguments: Namespace(log_base=None, log_level=None, verb_name='build', build_base='build', install_base='install', merge_install=False, symlink_install=False, test_result_base=None, continue_on_error=False, executor='parallel', parallel_workers=4, event_handlers=None, ignore_user_meta=False, metas=['./colcon.meta'], base_paths=['.'], packages_ignore=None, packages_ignore_regex=None, paths=None, packages_up_to=None, packages_up_to_regex=None, packages_above=None, packages_above_and_dependencies=None, packages_above_depth=None, packages_select_by_dep=None, packages_skip_by_dep=None, packages_skip_up_to=None, packages_select_build_failed=False, packages_skip_build_finished=False, packages_select_test_failures=False, packages_skip_test_passed=False, packages_select=None, packages_skip=None, packages_select_regex=None, packages_skip_regex=None, packages_start=None, packages_end=None, allow_overriding=[], cmake_args=None, cmake_target=None, cmake_target_skip_unavailable=False, cmake_clean_cache=False, cmake_clean_first=False, cmake_force_configure=False, ament_cmake_args=None, catkin_cmake_args=None, catkin_skip_building_tests=False, mixin_files=None, mixin=None, verb_parser=<colcon_mixin.mixin.mixin_argument.MixinArgumentDecorator object at 0x719bb29ccd10>, verb_extension=<colcon_core.verb.build.BuildVerb object at 0x719bb28020f0>, main=<bound method BuildVerb.main of <colcon_core.verb.build.BuildVerb object at 0x719bb28020f0>>, mixin_verb=('build',))
[0.372s] Level 1:colcon.colcon_core.package_discovery:discover_packages(colcon_meta) check parameters
[0.372s] Level 1:colcon.colcon_core.package_discovery:discover_packages(recursive) check parameters
[0.372s] Level 1:colcon.colcon_core.package_discovery:discover_packages(ignore) check parameters
[0.372s] Level 1:colcon.colcon_core.package_discovery:discover_packages(path) check parameters
[0.372s] Level 1:colcon.colcon_core.package_discovery:discover_packages(colcon_meta) discover
[0.372s] Level 1:colcon.colcon_core.package_discovery:discover_packages(recursive) discover
[0.372s] INFO:colcon.colcon_core.package_discovery:Crawling recursively for packages in '/home/lotanna/Desktop/ros2_car'
[0.373s] Level 1:colcon.colcon_core.package_identification:_identify(.) by extensions ['ignore', 'ignore_ament_install']
[0.373s] Level 1:colcon.colcon_core.package_identification:_identify(.) by extension 'ignore'
[0.373s] Level 1:colcon.colcon_core.package_identification:_identify(.) by extension 'ignore_ament_install'
[0.373s] Level 1:colcon.colcon_core.package_identification:_identify(.) by extensions ['colcon_pkg']
[0.373s] Level 1:colcon.colcon_core.package_identification:_identify(.) by extension 'colcon_pkg'
[0.373s] Level 1:colcon.colcon_core.package_identification:_identify(.) by extensions ['colcon_meta']
[0.373s] Level 1:colcon.colcon_core.package_identification:_identify(.) by extension 'colcon_meta'
[0.373s] Level 1:colcon.colcon_core.package_identification:_identify(.) by extensions ['ros']
[0.373s] Level 1:colcon.colcon_core.package_identification:_identify(.) by extension 'ros'
[0.419s] Level 1:colcon.colcon_core.package_identification:_identify(.) by extensions ['cmake', 'python']
[0.420s] Level 1:colcon.colcon_core.package_identification:_identify(.) by extension 'cmake'
[0.420s] Level 1:colcon.colcon_core.package_identification:_identify(.) by extension 'python'
[0.420s] Level 1:colcon.colcon_core.package_identification:_identify(.) by extensions ['python_setup_py']
[0.420s] Level 1:colcon.colcon_core.package_identification:_identify(.) by extension 'python_setup_py'
[0.420s] Level 1:colcon.colcon_core.package_identification:_identify(build) by extensions ['ignore', 'ignore_ament_install']
[0.420s] Level 1:colcon.colcon_core.package_identification:_identify(build) by extension 'ignore'
[0.420s] Level 1:colcon.colcon_core.package_identification:_identify(build) ignored
[0.421s] Level 1:colcon.colcon_core.package_identification:_identify(install) by extensions ['ignore', 'ignore_ament_install']
[0.421s] Level 1:colcon.colcon_core.package_identification:_identify(install) by extension 'ignore'
[0.421s] Level 1:colcon.colcon_core.package_identification:_identify(install) ignored
[0.421s] Level 1:colcon.colcon_core.package_identification:_identify(log) by extensions ['ignore', 'ignore_ament_install']
[0.421s] Level 1:colcon.colcon_core.package_identification:_identify(log) by extension 'ignore'
[0.422s] Level 1:colcon.colcon_core.package_identification:_identify(log) ignored
[0.422s] Level 1:colcon.colcon_core.package_identification:_identify(src) by extensions ['ignore', 'ignore_ament_install']
[0.422s] Level 1:colcon.colcon_core.package_identification:_identify(src) by extension 'ignore'
[0.422s] Level 1:colcon.colcon_core.package_identification:_identify(src) by extension 'ignore_ament_install'
[0.422s] Level 1:colcon.colcon_core.package_identification:_identify(src) by extensions ['colcon_pkg']
[0.422s] Level 1:colcon.colcon_core.package_identification:_identify(src) by extension 'colcon_pkg'
[0.422s] Level 1:colcon.colcon_core.package_identification:_identify(src) by extensions ['colcon_meta']
[0.422s] Level 1:colcon.colcon_core.package_identification:_identify(src) by extension 'colcon_meta'
[0.422s] Level 1:colcon.colcon_core.package_identification:_identify(src) by extensions ['ros']
[0.422s] Level 1:colcon.colcon_core.package_identification:_identify(src) by extension 'ros'
[0.423s] Level 1:colcon.colcon_core.package_identification:_identify(src) by extensions ['cmake', 'python']
[0.423s] Level 1:colcon.colcon_core.package_identification:_identify(src) by extension 'cmake'
[0.423s] Level 1:colcon.colcon_core.package_identification:_identify(src) by extension 'python'
[0.423s] Level 1:colcon.colcon_core.package_identification:_identify(src) by extensions ['python_setup_py']
[0.423s] Level 1:colcon.colcon_core.package_identification:_identify(src) by extension 'python_setup_py'
[0.423s] Level 1:colcon.colcon_core.package_identification:_identify(src/description) by extensions ['ignore', 'ignore_ament_install']
[0.423s] Level 1:colcon.colcon_core.package_identification:_identify(src/description) by extension 'ignore'
[0.423s] Level 1:colcon.colcon_core.package_identification:_identify(src/description) by extension 'ignore_ament_install'
[0.423s] Level 1:colcon.colcon_core.package_identification:_identify(src/description) by extensions ['colcon_pkg']
[0.424s] Level 1:colcon.colcon_core.package_identification:_identify(src/description) by extension 'colcon_pkg'
[0.424s] Level 1:colcon.colcon_core.package_identification:_identify(src/description) by extensions ['colcon_meta']
[0.424s] Level 1:colcon.colcon_core.package_identification:_identify(src/description) by extension 'colcon_meta'
[0.424s] Level 1:colcon.colcon_core.package_identification:_identify(src/description) by extensions ['ros']
[0.424s] Level 1:colcon.colcon_core.package_identification:_identify(src/description) by extension 'ros'
[0.428s] DEBUG:colcon.colcon_core.package_identification:Package 'src/description' with type 'ros.ament_cmake' and name 'description'
[0.428s] Level 1:colcon.colcon_core.package_discovery:discover_packages(recursive) using defaults
[0.428s] Level 1:colcon.colcon_core.package_discovery:discover_packages(ignore) discover
[0.428s] Level 1:colcon.colcon_core.package_discovery:discover_packages(ignore) using defaults
[0.428s] Level 1:colcon.colcon_core.package_discovery:discover_packages(path) discover
[0.428s] Level 1:colcon.colcon_core.package_discovery:discover_packages(path) using defaults
[0.463s] Level 1:colcon.colcon_core.package_discovery:discover_packages(prefix_path) check parameters
[0.463s] Level 1:colcon.colcon_core.package_discovery:discover_packages(prefix_path) discover
[0.466s] DEBUG:colcon.colcon_installed_package_information.package_discovery:Found 1 installed packages in /home/lotanna/Desktop/ros2_car/install
[0.467s] DEBUG:colcon.colcon_installed_package_information.package_discovery:Found 1 installed packages in /home/lotanna/Desktop/ros2_ws/install
[0.471s] DEBUG:colcon.colcon_installed_package_information.package_discovery:Found 375 installed packages in /opt/ros/jazzy
[0.474s] Level 1:colcon.colcon_core.package_discovery:discover_packages(prefix_path) using defaults
[0.616s] Level 5:colcon.colcon_core.verb:set package 'description' build argument 'cmake_args' from command line to 'None'
[0.616s] Level 5:colcon.colcon_core.verb:set package 'description' build argument 'cmake_target' from command line to 'None'
[0.616s] Level 5:colcon.colcon_core.verb:set package 'description' build argument 'cmake_target_skip_unavailable' from command line to 'False'
[0.616s] Level 5:colcon.colcon_core.verb:set package 'description' build argument 'cmake_clean_cache' from command line to 'False'
[0.616s] Level 5:colcon.colcon_core.verb:set package 'description' build argument 'cmake_clean_first' from command line to 'False'
[0.616s] Level 5:colcon.colcon_core.verb:set package 'description' build argument 'cmake_force_configure' from command line to 'False'
[0.617s] Level 5:colcon.colcon_core.verb:set package 'description' build argument 'ament_cmake_args' from command line to 'None'
[0.617s] Level 5:colcon.colcon_core.verb:set package 'description' build argument 'catkin_cmake_args' from command line to 'None'
[0.617s] Level 5:colcon.colcon_core.verb:set package 'description' build argument 'catkin_skip_building_tests' from command line to 'False'
[0.617s] DEBUG:colcon.colcon_core.verb:Building package 'description' with the following arguments: {'ament_cmake_args': None, 'build_base': '/home/lotanna/Desktop/ros2_car/build/description', 'catkin_cmake_args': None, 'catkin_skip_building_tests': False, 'cmake_args': None, 'cmake_clean_cache': False, 'cmake_clean_first': False, 'cmake_force_configure': False, 'cmake_target': None, 'cmake_target_skip_unavailable': False, 'install_base': '/home/lotanna/Desktop/ros2_car/install/description', 'merge_install': False, 'path': '/home/lotanna/Desktop/ros2_car/src/description', 'symlink_install': False, 'test_result_base': None}
[0.617s] INFO:colcon.colcon_core.executor:Executing jobs using 'parallel' executor
[0.618s] DEBUG:colcon.colcon_parallel_executor.executor.parallel:run_until_complete
[0.619s] INFO:colcon.colcon_ros.task.ament_cmake.build:Building ROS package in '/home/lotanna/Desktop/ros2_car/src/description' with build type 'ament_cmake'
[0.619s] INFO:colcon.colcon_cmake.task.cmake.build:Building CMake package in '/home/lotanna/Desktop/ros2_car/src/description'
[0.624s] INFO:colcon.colcon_core.plugin_system:Skipping extension 'colcon_core.shell.bat': Not used on non-Windows systems
[0.625s] INFO:colcon.colcon_core.shell:Skip shell extension 'powershell' for command environment: Not usable outside of PowerShell
[0.625s] DEBUG:colcon.colcon_core.shell:Skip shell extension 'dsv' for command environment
[0.666s] DEBUG:colcon.colcon_core.event_handler.log_command:Invoking command in '/home/lotanna/Desktop/ros2_car/build/description': CMAKE_PREFIX_PATH=${CMAKE_PREFIX_PATH}:/home/lotanna/Desktop/ros2_ws/install/robot_controller:/opt/ros/jazzy DEBUGINFOD_URLS=https://debuginfod.ubuntu.com /usr/bin/cmake --build /home/lotanna/Desktop/ros2_car/build/description -- -j4 -l4
[1.547s] DEBUG:colcon.colcon_core.event_handler.log_command:Invoked command in '/home/lotanna/Desktop/ros2_car/build/description' returned '0': CMAKE_PREFIX_PATH=${CMAKE_PREFIX_PATH}:/home/lotanna/Desktop/ros2_ws/install/robot_controller:/opt/ros/jazzy DEBUGINFOD_URLS=https://debuginfod.ubuntu.com /usr/bin/cmake --build /home/lotanna/Desktop/ros2_car/build/description -- -j4 -l4
[1.578s] DEBUG:colcon.colcon_core.event_handler.log_command:Invoking command in '/home/lotanna/Desktop/ros2_car/build/description': CMAKE_PREFIX_PATH=${CMAKE_PREFIX_PATH}:/home/lotanna/Desktop/ros2_ws/install/robot_controller:/opt/ros/jazzy DEBUGINFOD_URLS=https://debuginfod.ubuntu.com /usr/bin/cmake --install /home/lotanna/Desktop/ros2_car/build/description
[1.612s] Level 1:colcon.colcon_core.environment:create_environment_scripts_only(description)
[1.631s] Level 1:colcon.colcon_core.environment:checking '/home/lotanna/Desktop/ros2_car/install/description' for CMake module files
[1.635s] Level 1:colcon.colcon_core.environment:checking '/home/lotanna/Desktop/ros2_car/install/description' for CMake config files
[1.636s] Level 1:colcon.colcon_core.shell:create_environment_hook('description', 'cmake_prefix_path')
[1.637s] INFO:colcon.colcon_core.shell:Creating environment hook '/home/lotanna/Desktop/ros2_car/install/description/share/description/hook/cmake_prefix_path.ps1'
[1.638s] DEBUG:colcon.colcon_core.event_handler.log_command:Invoked command in '/home/lotanna/Desktop/ros2_car/build/description' returned '0': CMAKE_PREFIX_PATH=${CMAKE_PREFIX_PATH}:/home/lotanna/Desktop/ros2_ws/install/robot_controller:/opt/ros/jazzy DEBUGINFOD_URLS=https://debuginfod.ubuntu.com /usr/bin/cmake --install /home/lotanna/Desktop/ros2_car/build/description
[1.640s] INFO:colcon.colcon_core.shell:Creating environment descriptor '/home/lotanna/Desktop/ros2_car/install/description/share/description/hook/cmake_prefix_path.dsv'
[1.642s] INFO:colcon.colcon_core.shell:Creating environment hook '/home/lotanna/Desktop/ros2_car/install/description/share/description/hook/cmake_prefix_path.sh'
[1.650s] Level 1:colcon.colcon_core.environment:checking '/home/lotanna/Desktop/ros2_car/install/description/lib'
[1.651s] Level 1:colcon.colcon_core.environment:checking '/home/lotanna/Desktop/ros2_car/install/description/bin'
[1.651s] Level 1:colcon.colcon_core.environment:checking '/home/lotanna/Desktop/ros2_car/install/description/lib/pkgconfig/description.pc'
[1.652s] Level 1:colcon.colcon_core.environment:checking '/home/lotanna/Desktop/ros2_car/install/description/lib/python3.12/site-packages'
[1.653s] Level 1:colcon.colcon_core.environment:checking '/home/lotanna/Desktop/ros2_car/install/description/bin'
[1.654s] INFO:colcon.colcon_core.shell:Creating package script '/home/lotanna/Desktop/ros2_car/install/description/share/description/package.ps1'
[1.658s] INFO:colcon.colcon_core.shell:Creating package descriptor '/home/lotanna/Desktop/ros2_car/install/description/share/description/package.dsv'
[1.660s] INFO:colcon.colcon_core.shell:Creating package script '/home/lotanna/Desktop/ros2_car/install/description/share/description/package.sh'
[1.662s] INFO:colcon.colcon_core.shell:Creating package script '/home/lotanna/Desktop/ros2_car/install/description/share/description/package.bash'
[1.664s] INFO:colcon.colcon_core.shell:Creating package script '/home/lotanna/Desktop/ros2_car/install/description/share/description/package.zsh'
[1.666s] Level 1:colcon.colcon_core.environment:create_file_with_runtime_dependencies(/home/lotanna/Desktop/ros2_car/install/description/share/colcon-core/packages/description)
[1.667s] Level 1:colcon.colcon_core.environment:create_environment_scripts_only(description)
[1.668s] Level 1:colcon.colcon_core.environment:checking '/home/lotanna/Desktop/ros2_car/install/description' for CMake module files
[1.670s] Level 1:colcon.colcon_core.environment:checking '/home/lotanna/Desktop/ros2_car/install/description' for CMake config files
[1.671s] Level 1:colcon.colcon_core.shell:create_environment_hook('description', 'cmake_prefix_path')
[1.671s] INFO:colcon.colcon_core.shell:Creating environment hook '/home/lotanna/Desktop/ros2_car/install/description/share/description/hook/cmake_prefix_path.ps1'
[1.673s] INFO:colcon.colcon_core.shell:Creating environment descriptor '/home/lotanna/Desktop/ros2_car/install/description/share/description/hook/cmake_prefix_path.dsv'
[1.674s] INFO:colcon.colcon_core.shell:Creating environment hook '/home/lotanna/Desktop/ros2_car/install/description/share/description/hook/cmake_prefix_path.sh'
[1.675s] Level 1:colcon.colcon_core.environment:checking '/home/lotanna/Desktop/ros2_car/install/description/lib'
[1.675s] Level 1:colcon.colcon_core.environment:checking '/home/lotanna/Desktop/ros2_car/install/description/bin'
[1.675s] Level 1:colcon.colcon_core.environment:checking '/home/lotanna/Desktop/ros2_car/install/description/lib/pkgconfig/description.pc'
[1.676s] Level 1:colcon.colcon_core.environment:checking '/home/lotanna/Desktop/ros2_car/install/description/lib/python3.12/site-packages'
[1.677s] Level 1:colcon.colcon_core.environment:checking '/home/lotanna/Desktop/ros2_car/install/description/bin'
[1.677s] INFO:colcon.colcon_core.shell:Creating package script '/home/lotanna/Desktop/ros2_car/install/description/share/description/package.ps1'
[1.679s] INFO:colcon.colcon_core.shell:Creating package descriptor '/home/lotanna/Desktop/ros2_car/install/description/share/description/package.dsv'
[1.680s] INFO:colcon.colcon_core.shell:Creating package script '/home/lotanna/Desktop/ros2_car/install/description/share/description/package.sh'
[1.681s] INFO:colcon.colcon_core.shell:Creating package script '/home/lotanna/Desktop/ros2_car/install/description/share/description/package.bash'
[1.682s] INFO:colcon.colcon_core.shell:Creating package script '/home/lotanna/Desktop/ros2_car/install/description/share/description/package.zsh'
[1.682s] Level 1:colcon.colcon_core.environment:create_file_with_runtime_dependencies(/home/lotanna/Desktop/ros2_car/install/description/share/colcon-core/packages/description)
[1.683s] DEBUG:colcon.colcon_parallel_executor.executor.parallel:closing loop
[1.683s] DEBUG:colcon.colcon_parallel_executor.executor.parallel:loop closed
[1.684s] DEBUG:colcon.colcon_parallel_executor.executor.parallel:run_until_complete finished with '0'
[1.685s] DEBUG:colcon.colcon_core.event_reactor:joining thread
[1.702s] INFO:colcon.colcon_core.plugin_system:Skipping extension 'colcon_notification.desktop_notification.terminal_notifier': Not used on non-Darwin systems
[1.703s] INFO:colcon.colcon_core.plugin_system:Skipping extension 'colcon_notification.desktop_notification.win32': Not used on non-Windows systems
[1.703s] INFO:colcon.colcon_notification.desktop_notification:Sending desktop notification using 'notify2'
[1.743s] DEBUG:colcon.colcon_core.event_reactor:joined thread
[1.743s] INFO:colcon.colcon_core.shell:Creating prefix script '/home/lotanna/Desktop/ros2_car/install/local_setup.ps1'
[1.746s] INFO:colcon.colcon_core.shell:Creating prefix util module '/home/lotanna/Desktop/ros2_car/install/_local_setup_util_ps1.py'
[1.750s] INFO:colcon.colcon_core.shell:Creating prefix chain script '/home/lotanna/Desktop/ros2_car/install/setup.ps1'
[1.755s] INFO:colcon.colcon_core.shell:Creating prefix script '/home/lotanna/Desktop/ros2_car/install/local_setup.sh'
[1.757s] INFO:colcon.colcon_core.shell:Creating prefix util module '/home/lotanna/Desktop/ros2_car/install/_local_setup_util_sh.py'
[1.760s] INFO:colcon.colcon_core.shell:Creating prefix chain script '/home/lotanna/Desktop/ros2_car/install/setup.sh'
[1.766s] INFO:colcon.colcon_core.shell:Creating prefix script '/home/lotanna/Desktop/ros2_car/install/local_setup.bash'
[1.767s] INFO:colcon.colcon_core.shell:Creating prefix chain script '/home/lotanna/Desktop/ros2_car/install/setup.bash'
[1.769s] INFO:colcon.colcon_core.shell:Creating prefix script '/home/lotanna/Desktop/ros2_car/install/local_setup.zsh'
[1.771s] INFO:colcon.colcon_core.shell:Creating prefix chain script '/home/lotanna/Desktop/ros2_car/install/setup.zsh'
