[0.690s] DEBUG:colcon:Command line arguments: ['/usr/bin/colcon', 'build']
[0.690s] DEBUG:colcon:Parsed command line arguments: Namespace(log_base=None, log_level=None, verb_name='build', build_base='build', install_base='install', merge_install=False, symlink_install=False, test_result_base=None, continue_on_error=False, executor='parallel', parallel_workers=4, event_handlers=None, ignore_user_meta=False, metas=['./colcon.meta'], base_paths=['.'], packages_ignore=None, packages_ignore_regex=None, paths=None, packages_up_to=None, packages_up_to_regex=None, packages_above=None, packages_above_and_dependencies=None, packages_above_depth=None, packages_select_by_dep=None, packages_skip_by_dep=None, packages_skip_up_to=None, packages_select_build_failed=False, packages_skip_build_finished=False, packages_select_test_failures=False, packages_skip_test_passed=False, packages_select=None, packages_skip=None, packages_select_regex=None, packages_skip_regex=None, packages_start=None, packages_end=None, allow_overriding=[], cmake_args=None, cmake_target=None, cmake_target_skip_unavailable=False, cmake_clean_cache=False, cmake_clean_first=False, cmake_force_configure=False, ament_cmake_args=None, catkin_cmake_args=None, catkin_skip_building_tests=False, mixin_files=None, mixin=None, verb_parser=<colcon_mixin.mixin.mixin_argument.MixinArgumentDecorator object at 0x79bfdf4fe4b0>, verb_extension=<colcon_core.verb.build.BuildVerb object at 0x79bfdf4fe0f0>, main=<bound method BuildVerb.main of <colcon_core.verb.build.BuildVerb object at 0x79bfdf4fe0f0>>, mixin_verb=('build',))
[0.872s] Level 1:colcon.colcon_core.package_discovery:discover_packages(colcon_meta) check parameters
[0.872s] Level 1:colcon.colcon_core.package_discovery:discover_packages(recursive) check parameters
[0.872s] Level 1:colcon.colcon_core.package_discovery:discover_packages(ignore) check parameters
[0.872s] Level 1:colcon.colcon_core.package_discovery:discover_packages(path) check parameters
[0.872s] Level 1:colcon.colcon_core.package_discovery:discover_packages(colcon_meta) discover
[0.872s] Level 1:colcon.colcon_core.package_discovery:discover_packages(recursive) discover
[0.872s] INFO:colcon.colcon_core.package_discovery:Crawling recursively for packages in '/home/lotanna/Desktop/ros2_car'
[0.873s] Level 1:colcon.colcon_core.package_identification:_identify(.) by extensions ['ignore', 'ignore_ament_install']
[0.873s] Level 1:colcon.colcon_core.package_identification:_identify(.) by extension 'ignore'
[0.873s] Level 1:colcon.colcon_core.package_identification:_identify(.) by extension 'ignore_ament_install'
[0.873s] Level 1:colcon.colcon_core.package_identification:_identify(.) by extensions ['colcon_pkg']
[0.873s] Level 1:colcon.colcon_core.package_identification:_identify(.) by extension 'colcon_pkg'
[0.873s] Level 1:colcon.colcon_core.package_identification:_identify(.) by extensions ['colcon_meta']
[0.873s] Level 1:colcon.colcon_core.package_identification:_identify(.) by extension 'colcon_meta'
[0.873s] Level 1:colcon.colcon_core.package_identification:_identify(.) by extensions ['ros']
[0.873s] Level 1:colcon.colcon_core.package_identification:_identify(.) by extension 'ros'
[1.028s] Level 1:colcon.colcon_core.package_identification:_identify(.) by extensions ['cmake', 'python']
[1.028s] Level 1:colcon.colcon_core.package_identification:_identify(.) by extension 'cmake'
[1.028s] Level 1:colcon.colcon_core.package_identification:_identify(.) by extension 'python'
[1.028s] Level 1:colcon.colcon_core.package_identification:_identify(.) by extensions ['python_setup_py']
[1.028s] Level 1:colcon.colcon_core.package_identification:_identify(.) by extension 'python_setup_py'
[1.028s] Level 1:colcon.colcon_core.package_identification:_identify(build) by extensions ['ignore', 'ignore_ament_install']
[1.028s] Level 1:colcon.colcon_core.package_identification:_identify(build) by extension 'ignore'
[1.029s] Level 1:colcon.colcon_core.package_identification:_identify(build) ignored
[1.029s] Level 1:colcon.colcon_core.package_identification:_identify(install) by extensions ['ignore', 'ignore_ament_install']
[1.029s] Level 1:colcon.colcon_core.package_identification:_identify(install) by extension 'ignore'
[1.029s] Level 1:colcon.colcon_core.package_identification:_identify(install) ignored
[1.029s] Level 1:colcon.colcon_core.package_identification:_identify(log) by extensions ['ignore', 'ignore_ament_install']
[1.030s] Level 1:colcon.colcon_core.package_identification:_identify(log) by extension 'ignore'
[1.030s] Level 1:colcon.colcon_core.package_identification:_identify(log) ignored
[1.030s] Level 1:colcon.colcon_core.package_identification:_identify(src) by extensions ['ignore', 'ignore_ament_install']
[1.030s] Level 1:colcon.colcon_core.package_identification:_identify(src) by extension 'ignore'
[1.030s] Level 1:colcon.colcon_core.package_identification:_identify(src) by extension 'ignore_ament_install'
[1.030s] Level 1:colcon.colcon_core.package_identification:_identify(src) by extensions ['colcon_pkg']
[1.030s] Level 1:colcon.colcon_core.package_identification:_identify(src) by extension 'colcon_pkg'
[1.031s] Level 1:colcon.colcon_core.package_identification:_identify(src) by extensions ['colcon_meta']
[1.031s] Level 1:colcon.colcon_core.package_identification:_identify(src) by extension 'colcon_meta'
[1.031s] Level 1:colcon.colcon_core.package_identification:_identify(src) by extensions ['ros']
[1.031s] Level 1:colcon.colcon_core.package_identification:_identify(src) by extension 'ros'
[1.031s] Level 1:colcon.colcon_core.package_identification:_identify(src) by extensions ['cmake', 'python']
[1.031s] Level 1:colcon.colcon_core.package_identification:_identify(src) by extension 'cmake'
[1.031s] Level 1:colcon.colcon_core.package_identification:_identify(src) by extension 'python'
[1.031s] Level 1:colcon.colcon_core.package_identification:_identify(src) by extensions ['python_setup_py']
[1.031s] Level 1:colcon.colcon_core.package_identification:_identify(src) by extension 'python_setup_py'
[1.031s] Level 1:colcon.colcon_core.package_identification:_identify(src/description) by extensions ['ignore', 'ignore_ament_install']
[1.032s] Level 1:colcon.colcon_core.package_identification:_identify(src/description) by extension 'ignore'
[1.032s] Level 1:colcon.colcon_core.package_identification:_identify(src/description) by extension 'ignore_ament_install'
[1.032s] Level 1:colcon.colcon_core.package_identification:_identify(src/description) by extensions ['colcon_pkg']
[1.032s] Level 1:colcon.colcon_core.package_identification:_identify(src/description) by extension 'colcon_pkg'
[1.032s] Level 1:colcon.colcon_core.package_identification:_identify(src/description) by extensions ['colcon_meta']
[1.032s] Level 1:colcon.colcon_core.package_identification:_identify(src/description) by extension 'colcon_meta'
[1.032s] Level 1:colcon.colcon_core.package_identification:_identify(src/description) by extensions ['ros']
[1.032s] Level 1:colcon.colcon_core.package_identification:_identify(src/description) by extension 'ros'
[1.041s] DEBUG:colcon.colcon_core.package_identification:Package 'src/description' with type 'ros.ament_cmake' and name 'description'
[1.041s] Level 1:colcon.colcon_core.package_discovery:discover_packages(recursive) using defaults
[1.041s] Level 1:colcon.colcon_core.package_discovery:discover_packages(ignore) discover
[1.041s] Level 1:colcon.colcon_core.package_discovery:discover_packages(ignore) using defaults
[1.041s] Level 1:colcon.colcon_core.package_discovery:discover_packages(path) discover
[1.041s] Level 1:colcon.colcon_core.package_discovery:discover_packages(path) using defaults
[1.163s] Level 1:colcon.colcon_core.package_discovery:discover_packages(prefix_path) check parameters
[1.163s] Level 1:colcon.colcon_core.package_discovery:discover_packages(prefix_path) discover
[1.210s] DEBUG:colcon.colcon_installed_package_information.package_discovery:Found 1 installed packages in /home/lotanna/Desktop/ros2_car/install
[1.211s] DEBUG:colcon.colcon_installed_package_information.package_discovery:Found 1 installed packages in /home/lotanna/Desktop/ros2_ws/install
[1.215s] DEBUG:colcon.colcon_installed_package_information.package_discovery:Found 375 installed packages in /opt/ros/jazzy
[1.217s] Level 1:colcon.colcon_core.package_discovery:discover_packages(prefix_path) using defaults
[1.405s] Level 5:colcon.colcon_core.verb:set package 'description' build argument 'cmake_args' from command line to 'None'
[1.405s] Level 5:colcon.colcon_core.verb:set package 'description' build argument 'cmake_target' from command line to 'None'
[1.405s] Level 5:colcon.colcon_core.verb:set package 'description' build argument 'cmake_target_skip_unavailable' from command line to 'False'
[1.405s] Level 5:colcon.colcon_core.verb:set package 'description' build argument 'cmake_clean_cache' from command line to 'False'
[1.405s] Level 5:colcon.colcon_core.verb:set package 'description' build argument 'cmake_clean_first' from command line to 'False'
[1.405s] Level 5:colcon.colcon_core.verb:set package 'description' build argument 'cmake_force_configure' from command line to 'False'
[1.405s] Level 5:colcon.colcon_core.verb:set package 'description' build argument 'ament_cmake_args' from command line to 'None'
[1.405s] Level 5:colcon.colcon_core.verb:set package 'description' build argument 'catkin_cmake_args' from command line to 'None'
[1.406s] Level 5:colcon.colcon_core.verb:set package 'description' build argument 'catkin_skip_building_tests' from command line to 'False'
[1.406s] DEBUG:colcon.colcon_core.verb:Building package 'description' with the following arguments: {'ament_cmake_args': None, 'build_base': '/home/lotanna/Desktop/ros2_car/build/description', 'catkin_cmake_args': None, 'catkin_skip_building_tests': False, 'cmake_args': None, 'cmake_clean_cache': False, 'cmake_clean_first': False, 'cmake_force_configure': False, 'cmake_target': None, 'cmake_target_skip_unavailable': False, 'install_base': '/home/lotanna/Desktop/ros2_car/install/description', 'merge_install': False, 'path': '/home/lotanna/Desktop/ros2_car/src/description', 'symlink_install': False, 'test_result_base': None}
[1.406s] INFO:colcon.colcon_core.executor:Executing jobs using 'parallel' executor
[1.408s] DEBUG:colcon.colcon_parallel_executor.executor.parallel:run_until_complete
[1.408s] INFO:colcon.colcon_ros.task.ament_cmake.build:Building ROS package in '/home/lotanna/Desktop/ros2_car/src/description' with build type 'ament_cmake'
[1.408s] INFO:colcon.colcon_cmake.task.cmake.build:Building CMake package in '/home/lotanna/Desktop/ros2_car/src/description'
[1.474s] INFO:colcon.colcon_core.plugin_system:Skipping extension 'colcon_core.shell.bat': Not used on non-Windows systems
[1.474s] INFO:colcon.colcon_core.shell:Skip shell extension 'powershell' for command environment: Not usable outside of PowerShell
[1.474s] DEBUG:colcon.colcon_core.shell:Skip shell extension 'dsv' for command environment
[1.598s] DEBUG:colcon.colcon_core.event_handler.log_command:Invoking command in '/home/lotanna/Desktop/ros2_car/build/description': CMAKE_PREFIX_PATH=${CMAKE_PREFIX_PATH}:/home/lotanna/Desktop/ros2_ws/install/robot_controller:/opt/ros/jazzy DEBUGINFOD_URLS=https://debuginfod.ubuntu.com /usr/bin/cmake --build /home/lotanna/Desktop/ros2_car/build/description -- -j4 -l4
[4.755s] DEBUG:colcon.colcon_core.event_handler.log_command:Invoked command in '/home/lotanna/Desktop/ros2_car/build/description' returned '2': CMAKE_PREFIX_PATH=${CMAKE_PREFIX_PATH}:/home/lotanna/Desktop/ros2_ws/install/robot_controller:/opt/ros/jazzy DEBUGINFOD_URLS=https://debuginfod.ubuntu.com /usr/bin/cmake --build /home/lotanna/Desktop/ros2_car/build/description -- -j4 -l4
[4.801s] Level 1:colcon.colcon_core.environment:create_environment_scripts_only(description)
[4.898s] Level 1:colcon.colcon_core.environment:checking '/home/lotanna/Desktop/ros2_car/install/description' for CMake module files
[4.901s] Level 1:colcon.colcon_core.environment:checking '/home/lotanna/Desktop/ros2_car/install/description' for CMake config files
[4.933s] Level 1:colcon.colcon_core.shell:create_environment_hook('description', 'cmake_prefix_path')
[4.934s] INFO:colcon.colcon_core.shell:Creating environment hook '/home/lotanna/Desktop/ros2_car/install/description/share/description/hook/cmake_prefix_path.ps1'
[4.935s] INFO:colcon.colcon_core.shell:Creating environment descriptor '/home/lotanna/Desktop/ros2_car/install/description/share/description/hook/cmake_prefix_path.dsv'
[4.936s] INFO:colcon.colcon_core.shell:Creating environment hook '/home/lotanna/Desktop/ros2_car/install/description/share/description/hook/cmake_prefix_path.sh'
[4.937s] Level 1:colcon.colcon_core.environment:checking '/home/lotanna/Desktop/ros2_car/install/description/bin'
[4.937s] Level 1:colcon.colcon_core.environment:checking '/home/lotanna/Desktop/ros2_car/install/description/lib/pkgconfig/description.pc'
[4.938s] Level 1:colcon.colcon_core.environment:checking '/home/lotanna/Desktop/ros2_car/install/description/lib/python3.12/site-packages'
[4.938s] Level 1:colcon.colcon_core.environment:checking '/home/lotanna/Desktop/ros2_car/install/description/bin'
[4.938s] INFO:colcon.colcon_core.shell:Creating package script '/home/lotanna/Desktop/ros2_car/install/description/share/description/package.ps1'
[4.940s] INFO:colcon.colcon_core.shell:Creating package descriptor '/home/lotanna/Desktop/ros2_car/install/description/share/description/package.dsv'
[4.941s] INFO:colcon.colcon_core.shell:Creating package script '/home/lotanna/Desktop/ros2_car/install/description/share/description/package.sh'
[4.942s] INFO:colcon.colcon_core.shell:Creating package script '/home/lotanna/Desktop/ros2_car/install/description/share/description/package.bash'
[4.990s] INFO:colcon.colcon_core.shell:Creating package script '/home/lotanna/Desktop/ros2_car/install/description/share/description/package.zsh'
[4.992s] Level 1:colcon.colcon_core.environment:create_file_with_runtime_dependencies(/home/lotanna/Desktop/ros2_car/install/description/share/colcon-core/packages/description)
[5.003s] DEBUG:colcon.colcon_parallel_executor.executor.parallel:closing loop
[5.004s] DEBUG:colcon.colcon_parallel_executor.executor.parallel:loop closed
[5.004s] DEBUG:colcon.colcon_parallel_executor.executor.parallel:run_until_complete finished with '2'
[5.004s] DEBUG:colcon.colcon_core.event_reactor:joining thread
[5.192s] INFO:colcon.colcon_core.plugin_system:Skipping extension 'colcon_notification.desktop_notification.terminal_notifier': Not used on non-Darwin systems
[5.193s] INFO:colcon.colcon_core.plugin_system:Skipping extension 'colcon_notification.desktop_notification.win32': Not used on non-Windows systems
[5.193s] INFO:colcon.colcon_notification.desktop_notification:Sending desktop notification using 'notify2'
[5.268s] DEBUG:colcon.colcon_core.event_reactor:joined thread
[5.269s] INFO:colcon.colcon_core.shell:Creating prefix script '/home/lotanna/Desktop/ros2_car/install/local_setup.ps1'
[5.328s] INFO:colcon.colcon_core.shell:Creating prefix util module '/home/lotanna/Desktop/ros2_car/install/_local_setup_util_ps1.py'
[5.332s] INFO:colcon.colcon_core.shell:Creating prefix chain script '/home/lotanna/Desktop/ros2_car/install/setup.ps1'
[5.338s] INFO:colcon.colcon_core.shell:Creating prefix script '/home/lotanna/Desktop/ros2_car/install/local_setup.sh'
[5.412s] INFO:colcon.colcon_core.shell:Creating prefix util module '/home/lotanna/Desktop/ros2_car/install/_local_setup_util_sh.py'
[5.414s] INFO:colcon.colcon_core.shell:Creating prefix chain script '/home/lotanna/Desktop/ros2_car/install/setup.sh'
[5.431s] INFO:colcon.colcon_core.shell:Creating prefix script '/home/lotanna/Desktop/ros2_car/install/local_setup.bash'
[5.479s] INFO:colcon.colcon_core.shell:Creating prefix chain script '/home/lotanna/Desktop/ros2_car/install/setup.bash'
[5.483s] INFO:colcon.colcon_core.shell:Creating prefix script '/home/lotanna/Desktop/ros2_car/install/local_setup.zsh'
[5.504s] INFO:colcon.colcon_core.shell:Creating prefix chain script '/home/lotanna/Desktop/ros2_car/install/setup.zsh'
