[10.818s] DEBUG:colcon:Command line arguments: ['/usr/bin/colcon', 'build']
[10.818s] DEBUG:colcon:Parsed command line arguments: Namespace(log_base=None, log_level=None, verb_name='build', build_base='build', install_base='install', merge_install=False, symlink_install=False, test_result_base=None, continue_on_error=False, executor='parallel', parallel_workers=4, event_handlers=None, ignore_user_meta=False, metas=['./colcon.meta'], base_paths=['.'], packages_ignore=None, packages_ignore_regex=None, paths=None, packages_up_to=None, packages_up_to_regex=None, packages_above=None, packages_above_and_dependencies=None, packages_above_depth=None, packages_select_by_dep=None, packages_skip_by_dep=None, packages_skip_up_to=None, packages_select_build_failed=False, packages_skip_build_finished=False, packages_select_test_failures=False, packages_skip_test_passed=False, packages_select=None, packages_skip=None, packages_select_regex=None, packages_skip_regex=None, packages_start=None, packages_end=None, allow_overriding=[], cmake_args=None, cmake_target=None, cmake_target_skip_unavailable=False, cmake_clean_cache=False, cmake_clean_first=False, cmake_force_configure=False, ament_cmake_args=None, catkin_cmake_args=None, catkin_skip_building_tests=False, mixin_files=None, mixin=None, verb_parser=<colcon_mixin.mixin.mixin_argument.MixinArgumentDecorator object at 0x7c7228a027b0>, verb_extension=<colcon_core.verb.build.BuildVerb object at 0x7c7228a02180>, main=<bound method BuildVerb.main of <colcon_core.verb.build.BuildVerb object at 0x7c7228a02180>>, mixin_verb=('build',))
[12.258s] Level 1:colcon.colcon_core.package_discovery:discover_packages(colcon_meta) check parameters
[12.258s] Level 1:colcon.colcon_core.package_discovery:discover_packages(recursive) check parameters
[12.258s] Level 1:colcon.colcon_core.package_discovery:discover_packages(ignore) check parameters
[12.258s] Level 1:colcon.colcon_core.package_discovery:discover_packages(path) check parameters
[12.258s] Level 1:colcon.colcon_core.package_discovery:discover_packages(colcon_meta) discover
[12.259s] Level 1:colcon.colcon_core.package_discovery:discover_packages(recursive) discover
[12.259s] INFO:colcon.colcon_core.package_discovery:Crawling recursively for packages in '/home/lotanna/Desktop/ros2_car'
[12.259s] Level 1:colcon.colcon_core.package_identification:_identify(.) by extensions ['ignore', 'ignore_ament_install']
[12.259s] Level 1:colcon.colcon_core.package_identification:_identify(.) by extension 'ignore'
[12.259s] Level 1:colcon.colcon_core.package_identification:_identify(.) by extension 'ignore_ament_install'
[12.260s] Level 1:colcon.colcon_core.package_identification:_identify(.) by extensions ['colcon_pkg']
[12.260s] Level 1:colcon.colcon_core.package_identification:_identify(.) by extension 'colcon_pkg'
[12.260s] Level 1:colcon.colcon_core.package_identification:_identify(.) by extensions ['colcon_meta']
[12.260s] Level 1:colcon.colcon_core.package_identification:_identify(.) by extension 'colcon_meta'
[12.260s] Level 1:colcon.colcon_core.package_identification:_identify(.) by extensions ['ros']
[12.260s] Level 1:colcon.colcon_core.package_identification:_identify(.) by extension 'ros'
[14.197s] Level 1:colcon.colcon_core.package_identification:_identify(.) by extensions ['cmake', 'python']
[14.197s] Level 1:colcon.colcon_core.package_identification:_identify(.) by extension 'cmake'
[14.197s] Level 1:colcon.colcon_core.package_identification:_identify(.) by extension 'python'
[14.198s] Level 1:colcon.colcon_core.package_identification:_identify(.) by extensions ['python_setup_py']
[14.198s] Level 1:colcon.colcon_core.package_identification:_identify(.) by extension 'python_setup_py'
[14.625s] Level 1:colcon.colcon_core.package_identification:_identify(build) by extensions ['ignore', 'ignore_ament_install']
[14.625s] Level 1:colcon.colcon_core.package_identification:_identify(build) by extension 'ignore'
[14.625s] Level 1:colcon.colcon_core.package_identification:_identify(build) ignored
[14.628s] Level 1:colcon.colcon_core.package_identification:_identify(install) by extensions ['ignore', 'ignore_ament_install']
[14.628s] Level 1:colcon.colcon_core.package_identification:_identify(install) by extension 'ignore'
[14.628s] Level 1:colcon.colcon_core.package_identification:_identify(install) ignored
[14.628s] Level 1:colcon.colcon_core.package_identification:_identify(log) by extensions ['ignore', 'ignore_ament_install']
[14.629s] Level 1:colcon.colcon_core.package_identification:_identify(log) by extension 'ignore'
[14.629s] Level 1:colcon.colcon_core.package_identification:_identify(log) ignored
[14.629s] Level 1:colcon.colcon_core.package_identification:_identify(src) by extensions ['ignore', 'ignore_ament_install']
[14.629s] Level 1:colcon.colcon_core.package_identification:_identify(src) by extension 'ignore'
[14.629s] Level 1:colcon.colcon_core.package_identification:_identify(src) by extension 'ignore_ament_install'
[14.630s] Level 1:colcon.colcon_core.package_identification:_identify(src) by extensions ['colcon_pkg']
[14.630s] Level 1:colcon.colcon_core.package_identification:_identify(src) by extension 'colcon_pkg'
[14.630s] Level 1:colcon.colcon_core.package_identification:_identify(src) by extensions ['colcon_meta']
[14.630s] Level 1:colcon.colcon_core.package_identification:_identify(src) by extension 'colcon_meta'
[14.630s] Level 1:colcon.colcon_core.package_identification:_identify(src) by extensions ['ros']
[14.630s] Level 1:colcon.colcon_core.package_identification:_identify(src) by extension 'ros'
[14.631s] Level 1:colcon.colcon_core.package_identification:_identify(src) by extensions ['cmake', 'python']
[14.631s] Level 1:colcon.colcon_core.package_identification:_identify(src) by extension 'cmake'
[14.631s] Level 1:colcon.colcon_core.package_identification:_identify(src) by extension 'python'
[14.631s] Level 1:colcon.colcon_core.package_identification:_identify(src) by extensions ['python_setup_py']
[14.631s] Level 1:colcon.colcon_core.package_identification:_identify(src) by extension 'python_setup_py'
[14.631s] Level 1:colcon.colcon_core.package_identification:_identify(src/description) by extensions ['ignore', 'ignore_ament_install']
[14.632s] Level 1:colcon.colcon_core.package_identification:_identify(src/description) by extension 'ignore'
[14.632s] Level 1:colcon.colcon_core.package_identification:_identify(src/description) by extension 'ignore_ament_install'
[14.632s] Level 1:colcon.colcon_core.package_identification:_identify(src/description) by extensions ['colcon_pkg']
[14.632s] Level 1:colcon.colcon_core.package_identification:_identify(src/description) by extension 'colcon_pkg'
[14.632s] Level 1:colcon.colcon_core.package_identification:_identify(src/description) by extensions ['colcon_meta']
[14.633s] Level 1:colcon.colcon_core.package_identification:_identify(src/description) by extension 'colcon_meta'
[14.633s] Level 1:colcon.colcon_core.package_identification:_identify(src/description) by extensions ['ros']
[14.633s] Level 1:colcon.colcon_core.package_identification:_identify(src/description) by extension 'ros'
[15.072s] DEBUG:colcon.colcon_core.package_identification:Package 'src/description' with type 'ros.ament_cmake' and name 'description'
[15.073s] Level 1:colcon.colcon_core.package_discovery:discover_packages(recursive) using defaults
[15.073s] Level 1:colcon.colcon_core.package_discovery:discover_packages(ignore) discover
[15.073s] Level 1:colcon.colcon_core.package_discovery:discover_packages(ignore) using defaults
[15.073s] Level 1:colcon.colcon_core.package_discovery:discover_packages(path) discover
[15.073s] Level 1:colcon.colcon_core.package_discovery:discover_packages(path) using defaults
[16.000s] Level 1:colcon.colcon_core.package_discovery:discover_packages(prefix_path) check parameters
[16.000s] Level 1:colcon.colcon_core.package_discovery:discover_packages(prefix_path) discover
[17.124s] DEBUG:colcon.colcon_installed_package_information.package_discovery:Found 1 installed packages in /home/lotanna/Desktop/ros2_car/install
[17.125s] DEBUG:colcon.colcon_installed_package_information.package_discovery:Found 1 installed packages in /home/lotanna/Desktop/ros2_ws/install
[17.409s] DEBUG:colcon.colcon_installed_package_information.package_discovery:Found 375 installed packages in /opt/ros/jazzy
[17.414s] Level 1:colcon.colcon_core.package_discovery:discover_packages(prefix_path) using defaults
[23.003s] Level 5:colcon.colcon_core.verb:set package 'description' build argument 'cmake_args' from command line to 'None'
[23.003s] Level 5:colcon.colcon_core.verb:set package 'description' build argument 'cmake_target' from command line to 'None'
[23.003s] Level 5:colcon.colcon_core.verb:set package 'description' build argument 'cmake_target_skip_unavailable' from command line to 'False'
[23.003s] Level 5:colcon.colcon_core.verb:set package 'description' build argument 'cmake_clean_cache' from command line to 'False'
[23.003s] Level 5:colcon.colcon_core.verb:set package 'description' build argument 'cmake_clean_first' from command line to 'False'
[23.003s] Level 5:colcon.colcon_core.verb:set package 'description' build argument 'cmake_force_configure' from command line to 'False'
[23.003s] Level 5:colcon.colcon_core.verb:set package 'description' build argument 'ament_cmake_args' from command line to 'None'
[23.003s] Level 5:colcon.colcon_core.verb:set package 'description' build argument 'catkin_cmake_args' from command line to 'None'
[23.003s] Level 5:colcon.colcon_core.verb:set package 'description' build argument 'catkin_skip_building_tests' from command line to 'False'
[23.003s] DEBUG:colcon.colcon_core.verb:Building package 'description' with the following arguments: {'ament_cmake_args': None, 'build_base': '/home/lotanna/Desktop/ros2_car/build/description', 'catkin_cmake_args': None, 'catkin_skip_building_tests': False, 'cmake_args': None, 'cmake_clean_cache': False, 'cmake_clean_first': False, 'cmake_force_configure': False, 'cmake_target': None, 'cmake_target_skip_unavailable': False, 'install_base': '/home/lotanna/Desktop/ros2_car/install/description', 'merge_install': False, 'path': '/home/lotanna/Desktop/ros2_car/src/description', 'symlink_install': False, 'test_result_base': None}
[23.004s] INFO:colcon.colcon_core.executor:Executing jobs using 'parallel' executor
[23.006s] DEBUG:colcon.colcon_parallel_executor.executor.parallel:run_until_complete
[23.006s] INFO:colcon.colcon_ros.task.ament_cmake.build:Building ROS package in '/home/lotanna/Desktop/ros2_car/src/description' with build type 'ament_cmake'
[23.007s] INFO:colcon.colcon_cmake.task.cmake.build:Building CMake package in '/home/lotanna/Desktop/ros2_car/src/description'
[23.256s] INFO:colcon.colcon_core.plugin_system:Skipping extension 'colcon_core.shell.bat': Not used on non-Windows systems
[23.256s] INFO:colcon.colcon_core.shell:Skip shell extension 'powershell' for command environment: Not usable outside of PowerShell
[23.256s] DEBUG:colcon.colcon_core.shell:Skip shell extension 'dsv' for command environment
[23.495s] DEBUG:colcon.colcon_core.event_handler.log_command:Invoking command in '/home/lotanna/Desktop/ros2_car/build/description': CMAKE_PREFIX_PATH=${CMAKE_PREFIX_PATH}:/home/lotanna/Desktop/ros2_ws/install/robot_controller:/opt/ros/jazzy DEBUGINFOD_URLS=https://debuginfod.ubuntu.com /usr/bin/cmake --build /home/lotanna/Desktop/ros2_car/build/description -- -j4 -l4
[23.705s] DEBUG:colcon.colcon_core.event_handler.log_command:Invoked command in '/home/lotanna/Desktop/ros2_car/build/description' returned '0': CMAKE_PREFIX_PATH=${CMAKE_PREFIX_PATH}:/home/lotanna/Desktop/ros2_ws/install/robot_controller:/opt/ros/jazzy DEBUGINFOD_URLS=https://debuginfod.ubuntu.com /usr/bin/cmake --build /home/lotanna/Desktop/ros2_car/build/description -- -j4 -l4
[23.750s] DEBUG:colcon.colcon_core.event_handler.log_command:Invoking command in '/home/lotanna/Desktop/ros2_car/build/description': CMAKE_PREFIX_PATH=${CMAKE_PREFIX_PATH}:/home/lotanna/Desktop/ros2_ws/install/robot_controller:/opt/ros/jazzy DEBUGINFOD_URLS=https://debuginfod.ubuntu.com /usr/bin/cmake --install /home/lotanna/Desktop/ros2_car/build/description
[23.795s] Level 1:colcon.colcon_core.environment:create_environment_scripts_only(description)
[23.796s] DEBUG:colcon.colcon_core.event_handler.log_command:Invoked command in '/home/lotanna/Desktop/ros2_car/build/description' returned '0': CMAKE_PREFIX_PATH=${CMAKE_PREFIX_PATH}:/home/lotanna/Desktop/ros2_ws/install/robot_controller:/opt/ros/jazzy DEBUGINFOD_URLS=https://debuginfod.ubuntu.com /usr/bin/cmake --install /home/lotanna/Desktop/ros2_car/build/description
[23.935s] Level 1:colcon.colcon_core.environment:checking '/home/lotanna/Desktop/ros2_car/install/description' for CMake module files
[23.938s] Level 1:colcon.colcon_core.environment:checking '/home/lotanna/Desktop/ros2_car/install/description' for CMake config files
[23.992s] Level 1:colcon.colcon_core.shell:create_environment_hook('description', 'cmake_prefix_path')
[23.993s] INFO:colcon.colcon_core.shell:Creating environment hook '/home/lotanna/Desktop/ros2_car/install/description/share/description/hook/cmake_prefix_path.ps1'
[24.031s] INFO:colcon.colcon_core.shell:Creating environment descriptor '/home/lotanna/Desktop/ros2_car/install/description/share/description/hook/cmake_prefix_path.dsv'
[24.046s] INFO:colcon.colcon_core.shell:Creating environment hook '/home/lotanna/Desktop/ros2_car/install/description/share/description/hook/cmake_prefix_path.sh'
[24.049s] Level 1:colcon.colcon_core.environment:checking '/home/lotanna/Desktop/ros2_car/install/description/bin'
[24.049s] Level 1:colcon.colcon_core.environment:checking '/home/lotanna/Desktop/ros2_car/install/description/lib/pkgconfig/description.pc'
[24.050s] Level 1:colcon.colcon_core.environment:checking '/home/lotanna/Desktop/ros2_car/install/description/lib/python3.12/site-packages'
[24.051s] Level 1:colcon.colcon_core.environment:checking '/home/lotanna/Desktop/ros2_car/install/description/bin'
[24.051s] INFO:colcon.colcon_core.shell:Creating package script '/home/lotanna/Desktop/ros2_car/install/description/share/description/package.ps1'
[24.054s] INFO:colcon.colcon_core.shell:Creating package descriptor '/home/lotanna/Desktop/ros2_car/install/description/share/description/package.dsv'
[24.056s] INFO:colcon.colcon_core.shell:Creating package script '/home/lotanna/Desktop/ros2_car/install/description/share/description/package.sh'
[24.058s] INFO:colcon.colcon_core.shell:Creating package script '/home/lotanna/Desktop/ros2_car/install/description/share/description/package.bash'
[24.103s] INFO:colcon.colcon_core.shell:Creating package script '/home/lotanna/Desktop/ros2_car/install/description/share/description/package.zsh'
[24.118s] Level 1:colcon.colcon_core.environment:create_file_with_runtime_dependencies(/home/lotanna/Desktop/ros2_car/install/description/share/colcon-core/packages/description)
[24.119s] Level 1:colcon.colcon_core.environment:create_environment_scripts_only(description)
[24.119s] Level 1:colcon.colcon_core.environment:checking '/home/lotanna/Desktop/ros2_car/install/description' for CMake module files
[24.120s] Level 1:colcon.colcon_core.environment:checking '/home/lotanna/Desktop/ros2_car/install/description' for CMake config files
[24.121s] Level 1:colcon.colcon_core.shell:create_environment_hook('description', 'cmake_prefix_path')
[24.121s] INFO:colcon.colcon_core.shell:Creating environment hook '/home/lotanna/Desktop/ros2_car/install/description/share/description/hook/cmake_prefix_path.ps1'
[24.122s] INFO:colcon.colcon_core.shell:Creating environment descriptor '/home/lotanna/Desktop/ros2_car/install/description/share/description/hook/cmake_prefix_path.dsv'
[24.123s] INFO:colcon.colcon_core.shell:Creating environment hook '/home/lotanna/Desktop/ros2_car/install/description/share/description/hook/cmake_prefix_path.sh'
[24.124s] Level 1:colcon.colcon_core.environment:checking '/home/lotanna/Desktop/ros2_car/install/description/bin'
[24.124s] Level 1:colcon.colcon_core.environment:checking '/home/lotanna/Desktop/ros2_car/install/description/lib/pkgconfig/description.pc'
[24.125s] Level 1:colcon.colcon_core.environment:checking '/home/lotanna/Desktop/ros2_car/install/description/lib/python3.12/site-packages'
[24.125s] Level 1:colcon.colcon_core.environment:checking '/home/lotanna/Desktop/ros2_car/install/description/bin'
[24.126s] INFO:colcon.colcon_core.shell:Creating package script '/home/lotanna/Desktop/ros2_car/install/description/share/description/package.ps1'
[24.127s] INFO:colcon.colcon_core.shell:Creating package descriptor '/home/lotanna/Desktop/ros2_car/install/description/share/description/package.dsv'
[24.128s] INFO:colcon.colcon_core.shell:Creating package script '/home/lotanna/Desktop/ros2_car/install/description/share/description/package.sh'
[24.129s] INFO:colcon.colcon_core.shell:Creating package script '/home/lotanna/Desktop/ros2_car/install/description/share/description/package.bash'
[24.130s] INFO:colcon.colcon_core.shell:Creating package script '/home/lotanna/Desktop/ros2_car/install/description/share/description/package.zsh'
[24.130s] Level 1:colcon.colcon_core.environment:create_file_with_runtime_dependencies(/home/lotanna/Desktop/ros2_car/install/description/share/colcon-core/packages/description)
[24.131s] DEBUG:colcon.colcon_parallel_executor.executor.parallel:closing loop
[24.132s] DEBUG:colcon.colcon_parallel_executor.executor.parallel:loop closed
[24.132s] DEBUG:colcon.colcon_parallel_executor.executor.parallel:run_until_complete finished with '0'
[24.132s] DEBUG:colcon.colcon_core.event_reactor:joining thread
[24.248s] INFO:colcon.colcon_core.plugin_system:Skipping extension 'colcon_notification.desktop_notification.terminal_notifier': Not used on non-Darwin systems
[24.248s] INFO:colcon.colcon_core.plugin_system:Skipping extension 'colcon_notification.desktop_notification.win32': Not used on non-Windows systems
[24.248s] INFO:colcon.colcon_notification.desktop_notification:Sending desktop notification using 'notify2'
[24.299s] DEBUG:colcon.colcon_core.event_reactor:joined thread
[24.300s] INFO:colcon.colcon_core.shell:Creating prefix script '/home/lotanna/Desktop/ros2_car/install/local_setup.ps1'
[24.320s] INFO:colcon.colcon_core.shell:Creating prefix util module '/home/lotanna/Desktop/ros2_car/install/_local_setup_util_ps1.py'
[24.338s] INFO:colcon.colcon_core.shell:Creating prefix chain script '/home/lotanna/Desktop/ros2_car/install/setup.ps1'
[24.351s] INFO:colcon.colcon_core.shell:Creating prefix script '/home/lotanna/Desktop/ros2_car/install/local_setup.sh'
[24.353s] INFO:colcon.colcon_core.shell:Creating prefix util module '/home/lotanna/Desktop/ros2_car/install/_local_setup_util_sh.py'
[24.355s] INFO:colcon.colcon_core.shell:Creating prefix chain script '/home/lotanna/Desktop/ros2_car/install/setup.sh'
[24.364s] INFO:colcon.colcon_core.shell:Creating prefix script '/home/lotanna/Desktop/ros2_car/install/local_setup.bash'
[24.415s] INFO:colcon.colcon_core.shell:Creating prefix chain script '/home/lotanna/Desktop/ros2_car/install/setup.bash'
[24.444s] INFO:colcon.colcon_core.shell:Creating prefix script '/home/lotanna/Desktop/ros2_car/install/local_setup.zsh'
[24.473s] INFO:colcon.colcon_core.shell:Creating prefix chain script '/home/lotanna/Desktop/ros2_car/install/setup.zsh'
