[0.243s] DEBUG:colcon:Command line arguments: ['/usr/bin/colcon', 'build']
[0.243s] DEBUG:colcon:Parsed command line arguments: Namespace(log_base=None, log_level=None, verb_name='build', build_base='build', install_base='install', merge_install=False, symlink_install=False, test_result_base=None, continue_on_error=False, executor='parallel', parallel_workers=4, event_handlers=None, ignore_user_meta=False, metas=['./colcon.meta'], base_paths=['.'], packages_ignore=None, packages_ignore_regex=None, paths=None, packages_up_to=None, packages_up_to_regex=None, packages_above=None, packages_above_and_dependencies=None, packages_above_depth=None, packages_select_by_dep=None, packages_skip_by_dep=None, packages_skip_up_to=None, packages_select_build_failed=False, packages_skip_build_finished=False, packages_select_test_failures=False, packages_skip_test_passed=False, packages_select=None, packages_skip=None, packages_select_regex=None, packages_skip_regex=None, packages_start=None, packages_end=None, allow_overriding=[], cmake_args=None, cmake_target=None, cmake_target_skip_unavailable=False, cmake_clean_cache=False, cmake_clean_first=False, cmake_force_configure=False, ament_cmake_args=None, catkin_cmake_args=None, catkin_skip_building_tests=False, mixin_files=None, mixin=None, verb_parser=<colcon_mixin.mixin.mixin_argument.MixinArgumentDecorator object at 0x7399f060e360>, verb_extension=<colcon_core.verb.build.BuildVerb object at 0x7399f060d490>, main=<bound method BuildVerb.main of <colcon_core.verb.build.BuildVerb object at 0x7399f060d490>>, mixin_verb=('build',))
[0.338s] Level 1:colcon.colcon_core.package_discovery:discover_packages(colcon_meta) check parameters
[0.338s] Level 1:colcon.colcon_core.package_discovery:discover_packages(recursive) check parameters
[0.339s] Level 1:colcon.colcon_core.package_discovery:discover_packages(ignore) check parameters
[0.339s] Level 1:colcon.colcon_core.package_discovery:discover_packages(path) check parameters
[0.339s] Level 1:colcon.colcon_core.package_discovery:discover_packages(colcon_meta) discover
[0.339s] Level 1:colcon.colcon_core.package_discovery:discover_packages(recursive) discover
[0.339s] INFO:colcon.colcon_core.package_discovery:Crawling recursively for packages in '/home/lotanna/Desktop/ros2_car'
[0.339s] Level 1:colcon.colcon_core.package_identification:_identify(.) by extensions ['ignore', 'ignore_ament_install']
[0.340s] Level 1:colcon.colcon_core.package_identification:_identify(.) by extension 'ignore'
[0.340s] Level 1:colcon.colcon_core.package_identification:_identify(.) by extension 'ignore_ament_install'
[0.340s] Level 1:colcon.colcon_core.package_identification:_identify(.) by extensions ['colcon_pkg']
[0.340s] Level 1:colcon.colcon_core.package_identification:_identify(.) by extension 'colcon_pkg'
[0.340s] Level 1:colcon.colcon_core.package_identification:_identify(.) by extensions ['colcon_meta']
[0.340s] Level 1:colcon.colcon_core.package_identification:_identify(.) by extension 'colcon_meta'
[0.340s] Level 1:colcon.colcon_core.package_identification:_identify(.) by extensions ['ros']
[0.340s] Level 1:colcon.colcon_core.package_identification:_identify(.) by extension 'ros'
[0.386s] Level 1:colcon.colcon_core.package_identification:_identify(.) by extensions ['cmake', 'python']
[0.386s] Level 1:colcon.colcon_core.package_identification:_identify(.) by extension 'cmake'
[0.386s] Level 1:colcon.colcon_core.package_identification:_identify(.) by extension 'python'
[0.387s] Level 1:colcon.colcon_core.package_identification:_identify(.) by extensions ['python_setup_py']
[0.387s] Level 1:colcon.colcon_core.package_identification:_identify(.) by extension 'python_setup_py'
[0.387s] Level 1:colcon.colcon_core.package_identification:_identify(build) by extensions ['ignore', 'ignore_ament_install']
[0.387s] Level 1:colcon.colcon_core.package_identification:_identify(build) by extension 'ignore'
[0.387s] Level 1:colcon.colcon_core.package_identification:_identify(build) ignored
[0.387s] Level 1:colcon.colcon_core.package_identification:_identify(install) by extensions ['ignore', 'ignore_ament_install']
[0.388s] Level 1:colcon.colcon_core.package_identification:_identify(install) by extension 'ignore'
[0.388s] Level 1:colcon.colcon_core.package_identification:_identify(install) ignored
[0.388s] Level 1:colcon.colcon_core.package_identification:_identify(log) by extensions ['ignore', 'ignore_ament_install']
[0.388s] Level 1:colcon.colcon_core.package_identification:_identify(log) by extension 'ignore'
[0.388s] Level 1:colcon.colcon_core.package_identification:_identify(log) ignored
[0.388s] Level 1:colcon.colcon_core.package_identification:_identify(src) by extensions ['ignore', 'ignore_ament_install']
[0.388s] Level 1:colcon.colcon_core.package_identification:_identify(src) by extension 'ignore'
[0.388s] Level 1:colcon.colcon_core.package_identification:_identify(src) by extension 'ignore_ament_install'
[0.389s] Level 1:colcon.colcon_core.package_identification:_identify(src) by extensions ['colcon_pkg']
[0.389s] Level 1:colcon.colcon_core.package_identification:_identify(src) by extension 'colcon_pkg'
[0.389s] Level 1:colcon.colcon_core.package_identification:_identify(src) by extensions ['colcon_meta']
[0.389s] Level 1:colcon.colcon_core.package_identification:_identify(src) by extension 'colcon_meta'
[0.389s] Level 1:colcon.colcon_core.package_identification:_identify(src) by extensions ['ros']
[0.389s] Level 1:colcon.colcon_core.package_identification:_identify(src) by extension 'ros'
[0.389s] Level 1:colcon.colcon_core.package_identification:_identify(src) by extensions ['cmake', 'python']
[0.389s] Level 1:colcon.colcon_core.package_identification:_identify(src) by extension 'cmake'
[0.389s] Level 1:colcon.colcon_core.package_identification:_identify(src) by extension 'python'
[0.389s] Level 1:colcon.colcon_core.package_identification:_identify(src) by extensions ['python_setup_py']
[0.389s] Level 1:colcon.colcon_core.package_identification:_identify(src) by extension 'python_setup_py'
[0.390s] Level 1:colcon.colcon_core.package_identification:_identify(src/description) by extensions ['ignore', 'ignore_ament_install']
[0.390s] Level 1:colcon.colcon_core.package_identification:_identify(src/description) by extension 'ignore'
[0.390s] Level 1:colcon.colcon_core.package_identification:_identify(src/description) by extension 'ignore_ament_install'
[0.390s] Level 1:colcon.colcon_core.package_identification:_identify(src/description) by extensions ['colcon_pkg']
[0.390s] Level 1:colcon.colcon_core.package_identification:_identify(src/description) by extension 'colcon_pkg'
[0.390s] Level 1:colcon.colcon_core.package_identification:_identify(src/description) by extensions ['colcon_meta']
[0.390s] Level 1:colcon.colcon_core.package_identification:_identify(src/description) by extension 'colcon_meta'
[0.390s] Level 1:colcon.colcon_core.package_identification:_identify(src/description) by extensions ['ros']
[0.390s] Level 1:colcon.colcon_core.package_identification:_identify(src/description) by extension 'ros'
[0.394s] DEBUG:colcon.colcon_core.package_identification:Package 'src/description' with type 'ros.ament_cmake' and name 'description'
[0.394s] Level 1:colcon.colcon_core.package_discovery:discover_packages(recursive) using defaults
[0.394s] Level 1:colcon.colcon_core.package_discovery:discover_packages(ignore) discover
[0.394s] Level 1:colcon.colcon_core.package_discovery:discover_packages(ignore) using defaults
[0.394s] Level 1:colcon.colcon_core.package_discovery:discover_packages(path) discover
[0.395s] Level 1:colcon.colcon_core.package_discovery:discover_packages(path) using defaults
[0.426s] Level 1:colcon.colcon_core.package_discovery:discover_packages(prefix_path) check parameters
[0.426s] Level 1:colcon.colcon_core.package_discovery:discover_packages(prefix_path) discover
[0.496s] DEBUG:colcon.colcon_installed_package_information.package_discovery:Found 1 installed packages in /home/lotanna/Desktop/ros2_ws/install
[0.500s] DEBUG:colcon.colcon_installed_package_information.package_discovery:Found 375 installed packages in /opt/ros/jazzy
[0.502s] Level 1:colcon.colcon_core.package_discovery:discover_packages(prefix_path) using defaults
[0.768s] Level 5:colcon.colcon_core.verb:set package 'description' build argument 'cmake_args' from command line to 'None'
[0.768s] Level 5:colcon.colcon_core.verb:set package 'description' build argument 'cmake_target' from command line to 'None'
[0.768s] Level 5:colcon.colcon_core.verb:set package 'description' build argument 'cmake_target_skip_unavailable' from command line to 'False'
[0.768s] Level 5:colcon.colcon_core.verb:set package 'description' build argument 'cmake_clean_cache' from command line to 'False'
[0.768s] Level 5:colcon.colcon_core.verb:set package 'description' build argument 'cmake_clean_first' from command line to 'False'
[0.768s] Level 5:colcon.colcon_core.verb:set package 'description' build argument 'cmake_force_configure' from command line to 'False'
[0.768s] Level 5:colcon.colcon_core.verb:set package 'description' build argument 'ament_cmake_args' from command line to 'None'
[0.768s] Level 5:colcon.colcon_core.verb:set package 'description' build argument 'catkin_cmake_args' from command line to 'None'
[0.768s] Level 5:colcon.colcon_core.verb:set package 'description' build argument 'catkin_skip_building_tests' from command line to 'False'
[0.768s] DEBUG:colcon.colcon_core.verb:Building package 'description' with the following arguments: {'ament_cmake_args': None, 'build_base': '/home/lotanna/Desktop/ros2_car/build/description', 'catkin_cmake_args': None, 'catkin_skip_building_tests': False, 'cmake_args': None, 'cmake_clean_cache': False, 'cmake_clean_first': False, 'cmake_force_configure': False, 'cmake_target': None, 'cmake_target_skip_unavailable': False, 'install_base': '/home/lotanna/Desktop/ros2_car/install/description', 'merge_install': False, 'path': '/home/lotanna/Desktop/ros2_car/src/description', 'symlink_install': False, 'test_result_base': None}
[0.769s] INFO:colcon.colcon_core.executor:Executing jobs using 'parallel' executor
[0.771s] DEBUG:colcon.colcon_parallel_executor.executor.parallel:run_until_complete
[0.771s] INFO:colcon.colcon_ros.task.ament_cmake.build:Building ROS package in '/home/lotanna/Desktop/ros2_car/src/description' with build type 'ament_cmake'
[0.772s] INFO:colcon.colcon_cmake.task.cmake.build:Building CMake package in '/home/lotanna/Desktop/ros2_car/src/description'
[0.777s] INFO:colcon.colcon_core.plugin_system:Skipping extension 'colcon_core.shell.bat': Not used on non-Windows systems
[0.778s] INFO:colcon.colcon_core.shell:Skip shell extension 'powershell' for command environment: Not usable outside of PowerShell
[0.778s] DEBUG:colcon.colcon_core.shell:Skip shell extension 'dsv' for command environment
[0.794s] DEBUG:colcon.colcon_core.event_handler.log_command:Invoking command in '/home/lotanna/Desktop/ros2_car/build/description': CMAKE_PREFIX_PATH=${CMAKE_PREFIX_PATH}:/home/lotanna/Desktop/ros2_ws/install/robot_controller:/opt/ros/jazzy DEBUGINFOD_URLS=https://debuginfod.ubuntu.com /usr/bin/cmake /home/lotanna/Desktop/ros2_car/src/description -DCMAKE_INSTALL_PREFIX=/home/lotanna/Desktop/ros2_car/install/description
[7.452s] DEBUG:colcon.colcon_core.event_handler.log_command:Invoked command in '/home/lotanna/Desktop/ros2_car/build/description' returned '0': CMAKE_PREFIX_PATH=${CMAKE_PREFIX_PATH}:/home/lotanna/Desktop/ros2_ws/install/robot_controller:/opt/ros/jazzy DEBUGINFOD_URLS=https://debuginfod.ubuntu.com /usr/bin/cmake /home/lotanna/Desktop/ros2_car/src/description -DCMAKE_INSTALL_PREFIX=/home/lotanna/Desktop/ros2_car/install/description
[7.456s] DEBUG:colcon.colcon_core.event_handler.log_command:Invoking command in '/home/lotanna/Desktop/ros2_car/build/description': CMAKE_PREFIX_PATH=${CMAKE_PREFIX_PATH}:/home/lotanna/Desktop/ros2_ws/install/robot_controller:/opt/ros/jazzy DEBUGINFOD_URLS=https://debuginfod.ubuntu.com /usr/bin/cmake --build /home/lotanna/Desktop/ros2_car/build/description -- -j4 -l4
[7.528s] DEBUG:colcon.colcon_core.event_handler.log_command:Invoked command in '/home/lotanna/Desktop/ros2_car/build/description' returned '0': CMAKE_PREFIX_PATH=${CMAKE_PREFIX_PATH}:/home/lotanna/Desktop/ros2_ws/install/robot_controller:/opt/ros/jazzy DEBUGINFOD_URLS=https://debuginfod.ubuntu.com /usr/bin/cmake --build /home/lotanna/Desktop/ros2_car/build/description -- -j4 -l4
[7.548s] DEBUG:colcon.colcon_core.event_handler.log_command:Invoking command in '/home/lotanna/Desktop/ros2_car/build/description': CMAKE_PREFIX_PATH=${CMAKE_PREFIX_PATH}:/home/lotanna/Desktop/ros2_ws/install/robot_controller:/opt/ros/jazzy DEBUGINFOD_URLS=https://debuginfod.ubuntu.com /usr/bin/cmake --install /home/lotanna/Desktop/ros2_car/build/description
[7.571s] Level 1:colcon.colcon_core.environment:create_environment_scripts_only(description)
[7.572s] DEBUG:colcon.colcon_core.event_handler.log_command:Invoked command in '/home/lotanna/Desktop/ros2_car/build/description' returned '0': CMAKE_PREFIX_PATH=${CMAKE_PREFIX_PATH}:/home/lotanna/Desktop/ros2_ws/install/robot_controller:/opt/ros/jazzy DEBUGINFOD_URLS=https://debuginfod.ubuntu.com /usr/bin/cmake --install /home/lotanna/Desktop/ros2_car/build/description
[7.578s] Level 1:colcon.colcon_core.environment:checking '/home/lotanna/Desktop/ros2_car/install/description' for CMake module files
[7.580s] Level 1:colcon.colcon_core.environment:checking '/home/lotanna/Desktop/ros2_car/install/description' for CMake config files
[7.581s] Level 1:colcon.colcon_core.shell:create_environment_hook('description', 'cmake_prefix_path')
[7.581s] INFO:colcon.colcon_core.shell:Creating environment hook '/home/lotanna/Desktop/ros2_car/install/description/share/description/hook/cmake_prefix_path.ps1'
[7.583s] INFO:colcon.colcon_core.shell:Creating environment descriptor '/home/lotanna/Desktop/ros2_car/install/description/share/description/hook/cmake_prefix_path.dsv'
[7.584s] INFO:colcon.colcon_core.shell:Creating environment hook '/home/lotanna/Desktop/ros2_car/install/description/share/description/hook/cmake_prefix_path.sh'
[7.586s] Level 1:colcon.colcon_core.environment:checking '/home/lotanna/Desktop/ros2_car/install/description/bin'
[7.586s] Level 1:colcon.colcon_core.environment:checking '/home/lotanna/Desktop/ros2_car/install/description/lib/pkgconfig/description.pc'
[7.587s] Level 1:colcon.colcon_core.environment:checking '/home/lotanna/Desktop/ros2_car/install/description/lib/python3.12/site-packages'
[7.587s] Level 1:colcon.colcon_core.environment:checking '/home/lotanna/Desktop/ros2_car/install/description/bin'
[7.588s] INFO:colcon.colcon_core.shell:Creating package script '/home/lotanna/Desktop/ros2_car/install/description/share/description/package.ps1'
[7.590s] INFO:colcon.colcon_core.shell:Creating package descriptor '/home/lotanna/Desktop/ros2_car/install/description/share/description/package.dsv'
[7.591s] INFO:colcon.colcon_core.shell:Creating package script '/home/lotanna/Desktop/ros2_car/install/description/share/description/package.sh'
[7.593s] INFO:colcon.colcon_core.shell:Creating package script '/home/lotanna/Desktop/ros2_car/install/description/share/description/package.bash'
[7.595s] INFO:colcon.colcon_core.shell:Creating package script '/home/lotanna/Desktop/ros2_car/install/description/share/description/package.zsh'
[7.597s] Level 1:colcon.colcon_core.environment:create_file_with_runtime_dependencies(/home/lotanna/Desktop/ros2_car/install/description/share/colcon-core/packages/description)
[7.598s] Level 1:colcon.colcon_core.environment:create_environment_scripts_only(description)
[7.599s] Level 1:colcon.colcon_core.environment:checking '/home/lotanna/Desktop/ros2_car/install/description' for CMake module files
[7.600s] Level 1:colcon.colcon_core.environment:checking '/home/lotanna/Desktop/ros2_car/install/description' for CMake config files
[7.601s] Level 1:colcon.colcon_core.shell:create_environment_hook('description', 'cmake_prefix_path')
[7.601s] INFO:colcon.colcon_core.shell:Creating environment hook '/home/lotanna/Desktop/ros2_car/install/description/share/description/hook/cmake_prefix_path.ps1'
[7.602s] INFO:colcon.colcon_core.shell:Creating environment descriptor '/home/lotanna/Desktop/ros2_car/install/description/share/description/hook/cmake_prefix_path.dsv'
[7.603s] INFO:colcon.colcon_core.shell:Creating environment hook '/home/lotanna/Desktop/ros2_car/install/description/share/description/hook/cmake_prefix_path.sh'
[7.604s] Level 1:colcon.colcon_core.environment:checking '/home/lotanna/Desktop/ros2_car/install/description/bin'
[7.604s] Level 1:colcon.colcon_core.environment:checking '/home/lotanna/Desktop/ros2_car/install/description/lib/pkgconfig/description.pc'
[7.604s] Level 1:colcon.colcon_core.environment:checking '/home/lotanna/Desktop/ros2_car/install/description/lib/python3.12/site-packages'
[7.605s] Level 1:colcon.colcon_core.environment:checking '/home/lotanna/Desktop/ros2_car/install/description/bin'
[7.605s] INFO:colcon.colcon_core.shell:Creating package script '/home/lotanna/Desktop/ros2_car/install/description/share/description/package.ps1'
[7.606s] INFO:colcon.colcon_core.shell:Creating package descriptor '/home/lotanna/Desktop/ros2_car/install/description/share/description/package.dsv'
[7.714s] INFO:colcon.colcon_core.shell:Creating package script '/home/lotanna/Desktop/ros2_car/install/description/share/description/package.sh'
[7.716s] INFO:colcon.colcon_core.shell:Creating package script '/home/lotanna/Desktop/ros2_car/install/description/share/description/package.bash'
[7.717s] INFO:colcon.colcon_core.shell:Creating package script '/home/lotanna/Desktop/ros2_car/install/description/share/description/package.zsh'
[7.719s] Level 1:colcon.colcon_core.environment:create_file_with_runtime_dependencies(/home/lotanna/Desktop/ros2_car/install/description/share/colcon-core/packages/description)
[7.719s] DEBUG:colcon.colcon_parallel_executor.executor.parallel:closing loop
[7.720s] DEBUG:colcon.colcon_parallel_executor.executor.parallel:loop closed
[7.720s] DEBUG:colcon.colcon_parallel_executor.executor.parallel:run_until_complete finished with '0'
[7.721s] DEBUG:colcon.colcon_core.event_reactor:joining thread
[7.778s] INFO:colcon.colcon_core.plugin_system:Skipping extension 'colcon_notification.desktop_notification.terminal_notifier': Not used on non-Darwin systems
[7.779s] INFO:colcon.colcon_core.plugin_system:Skipping extension 'colcon_notification.desktop_notification.win32': Not used on non-Windows systems
[7.779s] INFO:colcon.colcon_notification.desktop_notification:Sending desktop notification using 'notify2'
[7.808s] DEBUG:colcon.colcon_core.event_reactor:joined thread
[7.809s] INFO:colcon.colcon_core.shell:Creating prefix script '/home/lotanna/Desktop/ros2_car/install/local_setup.ps1'
[7.811s] INFO:colcon.colcon_core.shell:Creating prefix util module '/home/lotanna/Desktop/ros2_car/install/_local_setup_util_ps1.py'
[7.813s] INFO:colcon.colcon_core.shell:Creating prefix chain script '/home/lotanna/Desktop/ros2_car/install/setup.ps1'
[7.815s] INFO:colcon.colcon_core.shell:Creating prefix script '/home/lotanna/Desktop/ros2_car/install/local_setup.sh'
[7.817s] INFO:colcon.colcon_core.shell:Creating prefix util module '/home/lotanna/Desktop/ros2_car/install/_local_setup_util_sh.py'
[7.818s] INFO:colcon.colcon_core.shell:Creating prefix chain script '/home/lotanna/Desktop/ros2_car/install/setup.sh'
[7.820s] INFO:colcon.colcon_core.shell:Creating prefix script '/home/lotanna/Desktop/ros2_car/install/local_setup.bash'
[7.821s] INFO:colcon.colcon_core.shell:Creating prefix chain script '/home/lotanna/Desktop/ros2_car/install/setup.bash'
[7.823s] INFO:colcon.colcon_core.shell:Creating prefix script '/home/lotanna/Desktop/ros2_car/install/local_setup.zsh'
[7.823s] INFO:colcon.colcon_core.shell:Creating prefix chain script '/home/lotanna/Desktop/ros2_car/install/setup.zsh'
