[0.270s] DEBUG:colcon:Command line arguments: ['/usr/bin/colcon', 'build']
[0.270s] DEBUG:colcon:Parsed command line arguments: Namespace(log_base=None, log_level=None, verb_name='build', build_base='build', install_base='install', merge_install=False, symlink_install=False, test_result_base=None, continue_on_error=False, executor='parallel', parallel_workers=4, event_handlers=None, ignore_user_meta=False, metas=['./colcon.meta'], base_paths=['.'], packages_ignore=None, packages_ignore_regex=None, paths=None, packages_up_to=None, packages_up_to_regex=None, packages_above=None, packages_above_and_dependencies=None, packages_above_depth=None, packages_select_by_dep=None, packages_skip_by_dep=None, packages_skip_up_to=None, packages_select_build_failed=False, packages_skip_build_finished=False, packages_select_test_failures=False, packages_skip_test_passed=False, packages_select=None, packages_skip=None, packages_select_regex=None, packages_skip_regex=None, packages_start=None, packages_end=None, allow_overriding=[], cmake_args=None, cmake_target=None, cmake_target_skip_unavailable=False, cmake_clean_cache=False, cmake_clean_first=False, cmake_force_configure=False, ament_cmake_args=None, catkin_cmake_args=None, catkin_skip_building_tests=False, mixin_files=None, mixin=None, verb_parser=<colcon_mixin.mixin.mixin_argument.MixinArgumentDecorator object at 0x7f13be10e720>, verb_extension=<colcon_core.verb.build.BuildVerb object at 0x7f13be10e000>, main=<bound method BuildVerb.main of <colcon_core.verb.build.BuildVerb object at 0x7f13be10e000>>, mixin_verb=('build',))
[0.350s] Level 1:colcon.colcon_core.package_discovery:discover_packages(colcon_meta) check parameters
[0.350s] Level 1:colcon.colcon_core.package_discovery:discover_packages(recursive) check parameters
[0.351s] Level 1:colcon.colcon_core.package_discovery:discover_packages(ignore) check parameters
[0.351s] Level 1:colcon.colcon_core.package_discovery:discover_packages(path) check parameters
[0.351s] Level 1:colcon.colcon_core.package_discovery:discover_packages(colcon_meta) discover
[0.351s] Level 1:colcon.colcon_core.package_discovery:discover_packages(recursive) discover
[0.351s] INFO:colcon.colcon_core.package_discovery:Crawling recursively for packages in '/home/lotanna/Desktop/ros2_car'
[0.351s] Level 1:colcon.colcon_core.package_identification:_identify(.) by extensions ['ignore', 'ignore_ament_install']
[0.351s] Level 1:colcon.colcon_core.package_identification:_identify(.) by extension 'ignore'
[0.352s] Level 1:colcon.colcon_core.package_identification:_identify(.) by extension 'ignore_ament_install'
[0.352s] Level 1:colcon.colcon_core.package_identification:_identify(.) by extensions ['colcon_pkg']
[0.352s] Level 1:colcon.colcon_core.package_identification:_identify(.) by extension 'colcon_pkg'
[0.352s] Level 1:colcon.colcon_core.package_identification:_identify(.) by extensions ['colcon_meta']
[0.352s] Level 1:colcon.colcon_core.package_identification:_identify(.) by extension 'colcon_meta'
[0.352s] Level 1:colcon.colcon_core.package_identification:_identify(.) by extensions ['ros']
[0.352s] Level 1:colcon.colcon_core.package_identification:_identify(.) by extension 'ros'
[0.402s] Level 1:colcon.colcon_core.package_identification:_identify(.) by extensions ['cmake', 'python']
[0.402s] Level 1:colcon.colcon_core.package_identification:_identify(.) by extension 'cmake'
[0.402s] Level 1:colcon.colcon_core.package_identification:_identify(.) by extension 'python'
[0.402s] Level 1:colcon.colcon_core.package_identification:_identify(.) by extensions ['python_setup_py']
[0.402s] Level 1:colcon.colcon_core.package_identification:_identify(.) by extension 'python_setup_py'
[0.402s] Level 1:colcon.colcon_core.package_identification:_identify(build) by extensions ['ignore', 'ignore_ament_install']
[0.403s] Level 1:colcon.colcon_core.package_identification:_identify(build) by extension 'ignore'
[0.403s] Level 1:colcon.colcon_core.package_identification:_identify(build) ignored
[0.403s] Level 1:colcon.colcon_core.package_identification:_identify(install) by extensions ['ignore', 'ignore_ament_install']
[0.403s] Level 1:colcon.colcon_core.package_identification:_identify(install) by extension 'ignore'
[0.403s] Level 1:colcon.colcon_core.package_identification:_identify(install) ignored
[0.403s] Level 1:colcon.colcon_core.package_identification:_identify(log) by extensions ['ignore', 'ignore_ament_install']
[0.404s] Level 1:colcon.colcon_core.package_identification:_identify(log) by extension 'ignore'
[0.404s] Level 1:colcon.colcon_core.package_identification:_identify(log) ignored
[0.404s] Level 1:colcon.colcon_core.package_identification:_identify(src) by extensions ['ignore', 'ignore_ament_install']
[0.404s] Level 1:colcon.colcon_core.package_identification:_identify(src) by extension 'ignore'
[0.404s] Level 1:colcon.colcon_core.package_identification:_identify(src) by extension 'ignore_ament_install'
[0.404s] Level 1:colcon.colcon_core.package_identification:_identify(src) by extensions ['colcon_pkg']
[0.404s] Level 1:colcon.colcon_core.package_identification:_identify(src) by extension 'colcon_pkg'
[0.404s] Level 1:colcon.colcon_core.package_identification:_identify(src) by extensions ['colcon_meta']
[0.404s] Level 1:colcon.colcon_core.package_identification:_identify(src) by extension 'colcon_meta'
[0.404s] Level 1:colcon.colcon_core.package_identification:_identify(src) by extensions ['ros']
[0.405s] Level 1:colcon.colcon_core.package_identification:_identify(src) by extension 'ros'
[0.405s] Level 1:colcon.colcon_core.package_identification:_identify(src) by extensions ['cmake', 'python']
[0.405s] Level 1:colcon.colcon_core.package_identification:_identify(src) by extension 'cmake'
[0.405s] Level 1:colcon.colcon_core.package_identification:_identify(src) by extension 'python'
[0.405s] Level 1:colcon.colcon_core.package_identification:_identify(src) by extensions ['python_setup_py']
[0.405s] Level 1:colcon.colcon_core.package_identification:_identify(src) by extension 'python_setup_py'
[0.405s] Level 1:colcon.colcon_core.package_identification:_identify(src/description) by extensions ['ignore', 'ignore_ament_install']
[0.406s] Level 1:colcon.colcon_core.package_identification:_identify(src/description) by extension 'ignore'
[0.406s] Level 1:colcon.colcon_core.package_identification:_identify(src/description) by extension 'ignore_ament_install'
[0.406s] Level 1:colcon.colcon_core.package_identification:_identify(src/description) by extensions ['colcon_pkg']
[0.406s] Level 1:colcon.colcon_core.package_identification:_identify(src/description) by extension 'colcon_pkg'
[0.406s] Level 1:colcon.colcon_core.package_identification:_identify(src/description) by extensions ['colcon_meta']
[0.406s] Level 1:colcon.colcon_core.package_identification:_identify(src/description) by extension 'colcon_meta'
[0.406s] Level 1:colcon.colcon_core.package_identification:_identify(src/description) by extensions ['ros']
[0.406s] Level 1:colcon.colcon_core.package_identification:_identify(src/description) by extension 'ros'
[0.410s] DEBUG:colcon.colcon_core.package_identification:Package 'src/description' with type 'ros.ament_cmake' and name 'description'
[0.410s] Level 1:colcon.colcon_core.package_discovery:discover_packages(recursive) using defaults
[0.410s] Level 1:colcon.colcon_core.package_discovery:discover_packages(ignore) discover
[0.411s] Level 1:colcon.colcon_core.package_discovery:discover_packages(ignore) using defaults
[0.411s] Level 1:colcon.colcon_core.package_discovery:discover_packages(path) discover
[0.411s] Level 1:colcon.colcon_core.package_discovery:discover_packages(path) using defaults
[0.443s] Level 1:colcon.colcon_core.package_discovery:discover_packages(prefix_path) check parameters
[0.443s] Level 1:colcon.colcon_core.package_discovery:discover_packages(prefix_path) discover
[0.446s] DEBUG:colcon.colcon_installed_package_information.package_discovery:Found 1 installed packages in /home/lotanna/Desktop/ros2_car/install
[0.447s] DEBUG:colcon.colcon_installed_package_information.package_discovery:Found 1 installed packages in /home/lotanna/Desktop/ros2_ws/install
[0.451s] DEBUG:colcon.colcon_installed_package_information.package_discovery:Found 375 installed packages in /opt/ros/jazzy
[0.453s] Level 1:colcon.colcon_core.package_discovery:discover_packages(prefix_path) using defaults
[0.596s] Level 5:colcon.colcon_core.verb:set package 'description' build argument 'cmake_args' from command line to 'None'
[0.596s] Level 5:colcon.colcon_core.verb:set package 'description' build argument 'cmake_target' from command line to 'None'
[0.596s] Level 5:colcon.colcon_core.verb:set package 'description' build argument 'cmake_target_skip_unavailable' from command line to 'False'
[0.596s] Level 5:colcon.colcon_core.verb:set package 'description' build argument 'cmake_clean_cache' from command line to 'False'
[0.596s] Level 5:colcon.colcon_core.verb:set package 'description' build argument 'cmake_clean_first' from command line to 'False'
[0.596s] Level 5:colcon.colcon_core.verb:set package 'description' build argument 'cmake_force_configure' from command line to 'False'
[0.597s] Level 5:colcon.colcon_core.verb:set package 'description' build argument 'ament_cmake_args' from command line to 'None'
[0.597s] Level 5:colcon.colcon_core.verb:set package 'description' build argument 'catkin_cmake_args' from command line to 'None'
[0.597s] Level 5:colcon.colcon_core.verb:set package 'description' build argument 'catkin_skip_building_tests' from command line to 'False'
[0.597s] DEBUG:colcon.colcon_core.verb:Building package 'description' with the following arguments: {'ament_cmake_args': None, 'build_base': '/home/lotanna/Desktop/ros2_car/build/description', 'catkin_cmake_args': None, 'catkin_skip_building_tests': False, 'cmake_args': None, 'cmake_clean_cache': False, 'cmake_clean_first': False, 'cmake_force_configure': False, 'cmake_target': None, 'cmake_target_skip_unavailable': False, 'install_base': '/home/lotanna/Desktop/ros2_car/install/description', 'merge_install': False, 'path': '/home/lotanna/Desktop/ros2_car/src/description', 'symlink_install': False, 'test_result_base': None}
[0.597s] INFO:colcon.colcon_core.executor:Executing jobs using 'parallel' executor
[0.599s] DEBUG:colcon.colcon_parallel_executor.executor.parallel:run_until_complete
[0.600s] INFO:colcon.colcon_ros.task.ament_cmake.build:Building ROS package in '/home/lotanna/Desktop/ros2_car/src/description' with build type 'ament_cmake'
[0.600s] INFO:colcon.colcon_cmake.task.cmake.build:Building CMake package in '/home/lotanna/Desktop/ros2_car/src/description'
[0.606s] INFO:colcon.colcon_core.plugin_system:Skipping extension 'colcon_core.shell.bat': Not used on non-Windows systems
[0.607s] INFO:colcon.colcon_core.shell:Skip shell extension 'powershell' for command environment: Not usable outside of PowerShell
[0.607s] DEBUG:colcon.colcon_core.shell:Skip shell extension 'dsv' for command environment
[0.658s] DEBUG:colcon.colcon_core.event_handler.log_command:Invoking command in '/home/lotanna/Desktop/ros2_car/build/description': CMAKE_PREFIX_PATH=${CMAKE_PREFIX_PATH}:/home/lotanna/Desktop/ros2_ws/install/robot_controller:/opt/ros/jazzy DEBUGINFOD_URLS=https://debuginfod.ubuntu.com /usr/bin/cmake --build /home/lotanna/Desktop/ros2_car/build/description -- -j4 -l4
[1.497s] DEBUG:colcon.colcon_core.event_handler.log_command:Invoked command in '/home/lotanna/Desktop/ros2_car/build/description' returned '0': CMAKE_PREFIX_PATH=${CMAKE_PREFIX_PATH}:/home/lotanna/Desktop/ros2_ws/install/robot_controller:/opt/ros/jazzy DEBUGINFOD_URLS=https://debuginfod.ubuntu.com /usr/bin/cmake --build /home/lotanna/Desktop/ros2_car/build/description -- -j4 -l4
[1.517s] DEBUG:colcon.colcon_core.event_handler.log_command:Invoking command in '/home/lotanna/Desktop/ros2_car/build/description': CMAKE_PREFIX_PATH=${CMAKE_PREFIX_PATH}:/home/lotanna/Desktop/ros2_ws/install/robot_controller:/opt/ros/jazzy DEBUGINFOD_URLS=https://debuginfod.ubuntu.com /usr/bin/cmake --install /home/lotanna/Desktop/ros2_car/build/description
[1.549s] Level 1:colcon.colcon_core.environment:create_environment_scripts_only(description)
[1.559s] Level 1:colcon.colcon_core.environment:checking '/home/lotanna/Desktop/ros2_car/install/description' for CMake module files
[1.561s] Level 1:colcon.colcon_core.environment:checking '/home/lotanna/Desktop/ros2_car/install/description' for CMake config files
[1.564s] DEBUG:colcon.colcon_core.event_handler.log_command:Invoked command in '/home/lotanna/Desktop/ros2_car/build/description' returned '0': CMAKE_PREFIX_PATH=${CMAKE_PREFIX_PATH}:/home/lotanna/Desktop/ros2_ws/install/robot_controller:/opt/ros/jazzy DEBUGINFOD_URLS=https://debuginfod.ubuntu.com /usr/bin/cmake --install /home/lotanna/Desktop/ros2_car/build/description
[1.565s] Level 1:colcon.colcon_core.shell:create_environment_hook('description', 'cmake_prefix_path')
[1.565s] INFO:colcon.colcon_core.shell:Creating environment hook '/home/lotanna/Desktop/ros2_car/install/description/share/description/hook/cmake_prefix_path.ps1'
[1.567s] INFO:colcon.colcon_core.shell:Creating environment descriptor '/home/lotanna/Desktop/ros2_car/install/description/share/description/hook/cmake_prefix_path.dsv'
[1.568s] INFO:colcon.colcon_core.shell:Creating environment hook '/home/lotanna/Desktop/ros2_car/install/description/share/description/hook/cmake_prefix_path.sh'
[1.571s] Level 1:colcon.colcon_core.environment:checking '/home/lotanna/Desktop/ros2_car/install/description/lib'
[1.571s] Level 1:colcon.colcon_core.environment:checking '/home/lotanna/Desktop/ros2_car/install/description/bin'
[1.571s] Level 1:colcon.colcon_core.environment:checking '/home/lotanna/Desktop/ros2_car/install/description/lib/pkgconfig/description.pc'
[1.572s] Level 1:colcon.colcon_core.environment:checking '/home/lotanna/Desktop/ros2_car/install/description/lib/python3.12/site-packages'
[1.572s] Level 1:colcon.colcon_core.environment:checking '/home/lotanna/Desktop/ros2_car/install/description/bin'
[1.573s] INFO:colcon.colcon_core.shell:Creating package script '/home/lotanna/Desktop/ros2_car/install/description/share/description/package.ps1'
[1.600s] INFO:colcon.colcon_core.shell:Creating package descriptor '/home/lotanna/Desktop/ros2_car/install/description/share/description/package.dsv'
[1.604s] INFO:colcon.colcon_core.shell:Creating package script '/home/lotanna/Desktop/ros2_car/install/description/share/description/package.sh'
[1.607s] INFO:colcon.colcon_core.shell:Creating package script '/home/lotanna/Desktop/ros2_car/install/description/share/description/package.bash'
[1.609s] INFO:colcon.colcon_core.shell:Creating package script '/home/lotanna/Desktop/ros2_car/install/description/share/description/package.zsh'
[1.610s] Level 1:colcon.colcon_core.environment:create_file_with_runtime_dependencies(/home/lotanna/Desktop/ros2_car/install/description/share/colcon-core/packages/description)
[1.612s] Level 1:colcon.colcon_core.environment:create_environment_scripts_only(description)
[1.612s] Level 1:colcon.colcon_core.environment:checking '/home/lotanna/Desktop/ros2_car/install/description' for CMake module files
[1.614s] Level 1:colcon.colcon_core.environment:checking '/home/lotanna/Desktop/ros2_car/install/description' for CMake config files
[1.615s] Level 1:colcon.colcon_core.shell:create_environment_hook('description', 'cmake_prefix_path')
[1.616s] INFO:colcon.colcon_core.shell:Creating environment hook '/home/lotanna/Desktop/ros2_car/install/description/share/description/hook/cmake_prefix_path.ps1'
[1.617s] INFO:colcon.colcon_core.shell:Creating environment descriptor '/home/lotanna/Desktop/ros2_car/install/description/share/description/hook/cmake_prefix_path.dsv'
[1.618s] INFO:colcon.colcon_core.shell:Creating environment hook '/home/lotanna/Desktop/ros2_car/install/description/share/description/hook/cmake_prefix_path.sh'
[1.620s] Level 1:colcon.colcon_core.environment:checking '/home/lotanna/Desktop/ros2_car/install/description/lib'
[1.620s] Level 1:colcon.colcon_core.environment:checking '/home/lotanna/Desktop/ros2_car/install/description/bin'
[1.620s] Level 1:colcon.colcon_core.environment:checking '/home/lotanna/Desktop/ros2_car/install/description/lib/pkgconfig/description.pc'
[1.621s] Level 1:colcon.colcon_core.environment:checking '/home/lotanna/Desktop/ros2_car/install/description/lib/python3.12/site-packages'
[1.621s] Level 1:colcon.colcon_core.environment:checking '/home/lotanna/Desktop/ros2_car/install/description/bin'
[1.622s] INFO:colcon.colcon_core.shell:Creating package script '/home/lotanna/Desktop/ros2_car/install/description/share/description/package.ps1'
[1.624s] INFO:colcon.colcon_core.shell:Creating package descriptor '/home/lotanna/Desktop/ros2_car/install/description/share/description/package.dsv'
[1.626s] INFO:colcon.colcon_core.shell:Creating package script '/home/lotanna/Desktop/ros2_car/install/description/share/description/package.sh'
[1.627s] INFO:colcon.colcon_core.shell:Creating package script '/home/lotanna/Desktop/ros2_car/install/description/share/description/package.bash'
[1.628s] INFO:colcon.colcon_core.shell:Creating package script '/home/lotanna/Desktop/ros2_car/install/description/share/description/package.zsh'
[1.630s] Level 1:colcon.colcon_core.environment:create_file_with_runtime_dependencies(/home/lotanna/Desktop/ros2_car/install/description/share/colcon-core/packages/description)
[1.630s] DEBUG:colcon.colcon_parallel_executor.executor.parallel:closing loop
[1.631s] DEBUG:colcon.colcon_parallel_executor.executor.parallel:loop closed
[1.631s] DEBUG:colcon.colcon_parallel_executor.executor.parallel:run_until_complete finished with '0'
[1.631s] DEBUG:colcon.colcon_core.event_reactor:joining thread
[1.650s] INFO:colcon.colcon_core.plugin_system:Skipping extension 'colcon_notification.desktop_notification.terminal_notifier': Not used on non-Darwin systems
[1.650s] INFO:colcon.colcon_core.plugin_system:Skipping extension 'colcon_notification.desktop_notification.win32': Not used on non-Windows systems
[1.651s] INFO:colcon.colcon_notification.desktop_notification:Sending desktop notification using 'notify2'
[1.719s] DEBUG:colcon.colcon_core.event_reactor:joined thread
[1.720s] INFO:colcon.colcon_core.shell:Creating prefix script '/home/lotanna/Desktop/ros2_car/install/local_setup.ps1'
[1.725s] INFO:colcon.colcon_core.shell:Creating prefix util module '/home/lotanna/Desktop/ros2_car/install/_local_setup_util_ps1.py'
[1.730s] INFO:colcon.colcon_core.shell:Creating prefix chain script '/home/lotanna/Desktop/ros2_car/install/setup.ps1'
[1.735s] INFO:colcon.colcon_core.shell:Creating prefix script '/home/lotanna/Desktop/ros2_car/install/local_setup.sh'
[1.738s] INFO:colcon.colcon_core.shell:Creating prefix util module '/home/lotanna/Desktop/ros2_car/install/_local_setup_util_sh.py'
[1.740s] INFO:colcon.colcon_core.shell:Creating prefix chain script '/home/lotanna/Desktop/ros2_car/install/setup.sh'
[1.746s] INFO:colcon.colcon_core.shell:Creating prefix script '/home/lotanna/Desktop/ros2_car/install/local_setup.bash'
[1.747s] INFO:colcon.colcon_core.shell:Creating prefix chain script '/home/lotanna/Desktop/ros2_car/install/setup.bash'
[1.752s] INFO:colcon.colcon_core.shell:Creating prefix script '/home/lotanna/Desktop/ros2_car/install/local_setup.zsh'
[1.754s] INFO:colcon.colcon_core.shell:Creating prefix chain script '/home/lotanna/Desktop/ros2_car/install/setup.zsh'
