[0.041s] Invoking command in '/home/lotanna/Desktop/ros2_car/build/description': CMAKE_PREFIX_PATH=${CMAKE_PREFIX_PATH}:/home/lotanna/Desktop/ros2_ws/install/robot_controller:/opt/ros/jazzy DEBUGINFOD_URLS=https://debuginfod.ubuntu.com /usr/bin/cmake --build /home/lotanna/Desktop/ros2_car/build/description -- -j4 -l4
[0.092s] -- Found ament_cmake: 2.5.3 (/opt/ros/jazzy/share/ament_cmake/cmake)
[0.583s] -- Found ament_lint_auto: 0.17.2 (/opt/ros/jazzy/share/ament_lint_auto/cmake)
[0.806s] -- Added test 'flake8' to check Python code syntax and style conventions
[0.806s] -- Configured 'flake8' exclude dirs and/or files: 
[0.807s] -- Added test 'lint_cmake' to check CMake code style
[0.809s] -- Added test 'pep257' to check Python code against some of the docstring style conventions in PEP 257
[0.813s] -- Added test 'xmllint' to check XML markup files
[0.816s] -- Configuring done (0.7s)
[0.838s] -- Generating done (0.0s)
[0.843s] -- Build files have been written to: /home/lotanna/Desktop/ros2_car/build/description
[0.885s] Invoked command in '/home/lotanna/Desktop/ros2_car/build/description' returned '0': CMAKE_PREFIX_PATH=${CMAKE_PREFIX_PATH}:/home/lotanna/Desktop/ros2_ws/install/robot_controller:/opt/ros/jazzy DEBUGINFOD_URLS=https://debuginfod.ubuntu.com /usr/bin/cmake --build /home/lotanna/Desktop/ros2_car/build/description -- -j4 -l4
[0.907s] Invoking command in '/home/lotanna/Desktop/ros2_car/build/description': CMAKE_PREFIX_PATH=${CMAKE_PREFIX_PATH}:/home/lotanna/Desktop/ros2_ws/install/robot_controller:/opt/ros/jazzy DEBUGINFOD_URLS=https://debuginfod.ubuntu.com /usr/bin/cmake --install /home/lotanna/Desktop/ros2_car/build/description
[0.924s] -- Install configuration: ""
[0.924s] -- Up-to-date: /home/lotanna/Desktop/ros2_car/install/description/lib/description/fake_lidar.py
[0.926s] [31mCMake Error at cmake_install.cmake:50 (file):
[0.926s]   file INSTALL cannot find
[0.926s]   "/home/lotanna/Desktop/ros2_car/src/description/scripts": No such file or
[0.927s]   directory.
[0.927s] 
[0.928s] [0m
[0.928s] -- Up-to-date: /home/lotanna/Desktop/ros2_car/install/description/share/description/urdf
[0.928s] -- Up-to-date: /home/lotanna/Desktop/ros2_car/install/description/share/description/urdf/my_robot.urdf.xacro
[0.929s] -- Up-to-date: /home/lotanna/Desktop/ros2_car/install/description/share/description/rviz
[0.929s] -- Up-to-date: /home/lotanna/Desktop/ros2_car/install/description/share/description/mesh
[0.929s] -- Up-to-date: /home/lotanna/Desktop/ros2_car/install/description/share/description/mesh/right_tire.dae
[0.929s] -- Up-to-date: /home/lotanna/Desktop/ros2_car/install/description/share/description/mesh/waffle_base.dae
[0.929s] -- Up-to-date: /home/lotanna/Desktop/ros2_car/install/description/share/description/mesh/right_tire.stl
[0.930s] -- Up-to-date: /home/lotanna/Desktop/ros2_car/install/description/share/description/mesh/left_tire.stl
[0.930s] -- Up-to-date: /home/lotanna/Desktop/ros2_car/install/description/share/description/mesh/left_tire.dae
[0.930s] -- Up-to-date: /home/lotanna/Desktop/ros2_car/install/description/share/description/mesh/lds.stl
[0.930s] -- Up-to-date: /home/lotanna/Desktop/ros2_car/install/description/share/description/mesh/waffle_base.stl
[0.930s] -- Up-to-date: /home/lotanna/Desktop/ros2_car/install/description/share/description/launch
[0.931s] -- Up-to-date: /home/lotanna/Desktop/ros2_car/install/description/share/description/launch/display.launch.py
[0.931s] Invoked command in '/home/lotanna/Desktop/ros2_car/build/description' returned '1': CMAKE_PREFIX_PATH=${CMAKE_PREFIX_PATH}:/home/lotanna/Desktop/ros2_ws/install/robot_controller:/opt/ros/jazzy DEBUGINFOD_URLS=https://debuginfod.ubuntu.com /usr/bin/cmake --install /home/lotanna/Desktop/ros2_car/build/description
