[0.046s] Invoking command in '/home/lotanna/Desktop/ros2_car/build/description': CMAKE_PREFIX_PATH=${CMAKE_PREFIX_PATH}:/home/lotanna/Desktop/ros2_ws/install/robot_controller:/opt/ros/jazzy DEBUGINFOD_URLS=https://debuginfod.ubuntu.com /usr/bin/cmake --build /home/lotanna/Desktop/ros2_car/build/description -- -j4 -l4
[0.096s] -- Found ament_cmake: 2.5.3 (/opt/ros/jazzy/share/ament_cmake/cmake)
[0.558s] -- Found ament_lint_auto: 0.17.2 (/opt/ros/jazzy/share/ament_lint_auto/cmake)
[0.750s] -- Added test 'flake8' to check Python code syntax and style conventions
[0.750s] -- Configured 'flake8' exclude dirs and/or files: 
[0.751s] -- Added test 'lint_cmake' to check CMake code style
[0.752s] -- Added test 'pep257' to check Python code against some of the docstring style conventions in PEP 257
[0.755s] -- Added test 'xmllint' to check XML markup files
[0.757s] -- Configuring done (0.7s)
[0.784s] -- Generating done (0.0s)
[0.789s] -- Build files have been written to: /home/lotanna/Desktop/ros2_car/build/description
[0.851s] Invoked command in '/home/lotanna/Desktop/ros2_car/build/description' returned '0': CMAKE_PREFIX_PATH=${CMAKE_PREFIX_PATH}:/home/lotanna/Desktop/ros2_ws/install/robot_controller:/opt/ros/jazzy DEBUGINFOD_URLS=https://debuginfod.ubuntu.com /usr/bin/cmake --build /home/lotanna/Desktop/ros2_car/build/description -- -j4 -l4
[0.870s] Invoking command in '/home/lotanna/Desktop/ros2_car/build/description': CMAKE_PREFIX_PATH=${CMAKE_PREFIX_PATH}:/home/lotanna/Desktop/ros2_ws/install/robot_controller:/opt/ros/jazzy DEBUGINFOD_URLS=https://debuginfod.ubuntu.com /usr/bin/cmake --install /home/lotanna/Desktop/ros2_car/build/description
[0.892s] -- Install configuration: ""
[0.893s] -- Up-to-date: /home/lotanna/Desktop/ros2_car/install/description/share/description/urdf
[0.893s] -- Up-to-date: /home/lotanna/Desktop/ros2_car/install/description/share/description/urdf/my_robot.urdf.xacro
[0.894s] -- Up-to-date: /home/lotanna/Desktop/ros2_car/install/description/share/description/rviz
[0.894s] -- Up-to-date: /home/lotanna/Desktop/ros2_car/install/description/share/description/mesh
[0.894s] -- Up-to-date: /home/lotanna/Desktop/ros2_car/install/description/share/description/mesh/right_tire.dae
[0.895s] -- Up-to-date: /home/lotanna/Desktop/ros2_car/install/description/share/description/mesh/waffle_base.dae
[0.895s] -- Up-to-date: /home/lotanna/Desktop/ros2_car/install/description/share/description/mesh/right_tire.stl
[0.895s] -- Up-to-date: /home/lotanna/Desktop/ros2_car/install/description/share/description/mesh/left_tire.stl
[0.896s] -- Up-to-date: /home/lotanna/Desktop/ros2_car/install/description/share/description/mesh/left_tire.dae
[0.896s] -- Up-to-date: /home/lotanna/Desktop/ros2_car/install/description/share/description/mesh/lds.stl
[0.897s] -- Up-to-date: /home/lotanna/Desktop/ros2_car/install/description/share/description/mesh/waffle_base.stl
[0.897s] -- Up-to-date: /home/lotanna/Desktop/ros2_car/install/description/share/description/launch
[0.898s] -- Up-to-date: /home/lotanna/Desktop/ros2_car/install/description/share/description/launch/display.launch.py
[0.898s] -- Up-to-date: /home/lotanna/Desktop/ros2_car/install/description/share/description/scripts
[0.899s] -- Up-to-date: /home/lotanna/Desktop/ros2_car/install/description/share/description/scripts/fake_lidar.py
[0.907s] -- Installing: /home/lotanna/Desktop/ros2_car/install/description/lib/description/fake_lidar.py
[0.909s] -- Up-to-date: /home/lotanna/Desktop/ros2_car/install/description/share/ament_index/resource_index/package_run_dependencies/description
[0.910s] -- Up-to-date: /home/lotanna/Desktop/ros2_car/install/description/share/ament_index/resource_index/parent_prefix_path/description
[0.910s] -- Up-to-date: /home/lotanna/Desktop/ros2_car/install/description/share/description/environment/ament_prefix_path.sh
[0.910s] -- Up-to-date: /home/lotanna/Desktop/ros2_car/install/description/share/description/environment/ament_prefix_path.dsv
[0.911s] -- Up-to-date: /home/lotanna/Desktop/ros2_car/install/description/share/description/environment/path.sh
[0.911s] -- Up-to-date: /home/lotanna/Desktop/ros2_car/install/description/share/description/environment/path.dsv
[0.911s] -- Up-to-date: /home/lotanna/Desktop/ros2_car/install/description/share/description/local_setup.bash
[0.912s] -- Up-to-date: /home/lotanna/Desktop/ros2_car/install/description/share/description/local_setup.sh
[0.912s] -- Up-to-date: /home/lotanna/Desktop/ros2_car/install/description/share/description/local_setup.zsh
[0.919s] -- Up-to-date: /home/lotanna/Desktop/ros2_car/install/description/share/description/local_setup.dsv
[0.921s] -- Installing: /home/lotanna/Desktop/ros2_car/install/description/share/description/package.dsv
[0.921s] -- Up-to-date: /home/lotanna/Desktop/ros2_car/install/description/share/ament_index/resource_index/packages/description
[0.922s] -- Up-to-date: /home/lotanna/Desktop/ros2_car/install/description/share/description/cmake/descriptionConfig.cmake
[0.922s] -- Up-to-date: /home/lotanna/Desktop/ros2_car/install/description/share/description/cmake/descriptionConfig-version.cmake
[0.923s] -- Up-to-date: /home/lotanna/Desktop/ros2_car/install/description/share/description/package.xml
[0.924s] Invoked command in '/home/lotanna/Desktop/ros2_car/build/description' returned '0': CMAKE_PREFIX_PATH=${CMAKE_PREFIX_PATH}:/home/lotanna/Desktop/ros2_ws/install/robot_controller:/opt/ros/jazzy DEBUGINFOD_URLS=https://debuginfod.ubuntu.com /usr/bin/cmake --install /home/lotanna/Desktop/ros2_car/build/description
