[0.049s] Invoking command in '/home/lotanna/Desktop/ros2_car/build/description': CMAKE_PREFIX_PATH=${CMAKE_PREFIX_PATH}:/home/lotanna/Desktop/ros2_ws/install/robot_controller:/opt/ros/jazzy DEBUGINFOD_URLS=https://debuginfod.ubuntu.com /usr/bin/cmake --build /home/lotanna/Desktop/ros2_car/build/description -- -j4 -l4
[0.117s] -- Found ament_cmake: 2.5.3 (/opt/ros/jazzy/share/ament_cmake/cmake)
[0.564s] -- Found ament_lint_auto: 0.17.2 (/opt/ros/jazzy/share/ament_lint_auto/cmake)
[0.803s] -- Added test 'flake8' to check Python code syntax and style conventions
[0.803s] -- Configured 'flake8' exclude dirs and/or files: 
[0.804s] -- Added test 'lint_cmake' to check CMake code style
[0.804s] -- Added test 'pep257' to check Python code against some of the docstring style conventions in PEP 257
[0.808s] -- Added test 'xmllint' to check XML markup files
[0.809s] -- Configuring done (0.7s)
[1.168s] -- Generating done (0.4s)
[1.174s] -- Build files have been written to: /home/lotanna/Desktop/ros2_car/build/description
[1.230s] Invoked command in '/home/lotanna/Desktop/ros2_car/build/description' returned '0': CMAKE_PREFIX_PATH=${CMAKE_PREFIX_PATH}:/home/lotanna/Desktop/ros2_ws/install/robot_controller:/opt/ros/jazzy DEBUGINFOD_URLS=https://debuginfod.ubuntu.com /usr/bin/cmake --build /home/lotanna/Desktop/ros2_car/build/description -- -j4 -l4
[1.253s] Invoking command in '/home/lotanna/Desktop/ros2_car/build/description': CMAKE_PREFIX_PATH=${CMAKE_PREFIX_PATH}:/home/lotanna/Desktop/ros2_ws/install/robot_controller:/opt/ros/jazzy DEBUGINFOD_URLS=https://debuginfod.ubuntu.com /usr/bin/cmake --install /home/lotanna/Desktop/ros2_car/build/description
[1.278s] -- Install configuration: ""
[1.278s] -- Up-to-date: /home/lotanna/Desktop/ros2_car/install/description/share/description/urdf
[1.279s] -- Up-to-date: /home/lotanna/Desktop/ros2_car/install/description/share/description/urdf/my_robot.urdf.xacro
[1.279s] -- Up-to-date: /home/lotanna/Desktop/ros2_car/install/description/share/description/rviz
[1.279s] -- Up-to-date: /home/lotanna/Desktop/ros2_car/install/description/share/description/mesh
[1.280s] -- Up-to-date: /home/lotanna/Desktop/ros2_car/install/description/share/description/mesh/right_tire.dae
[1.280s] -- Up-to-date: /home/lotanna/Desktop/ros2_car/install/description/share/description/mesh/waffle_base.dae
[1.280s] -- Up-to-date: /home/lotanna/Desktop/ros2_car/install/description/share/description/mesh/right_tire.stl
[1.281s] -- Up-to-date: /home/lotanna/Desktop/ros2_car/install/description/share/description/mesh/left_tire.stl
[1.281s] -- Up-to-date: /home/lotanna/Desktop/ros2_car/install/description/share/description/mesh/left_tire.dae
[1.281s] -- Up-to-date: /home/lotanna/Desktop/ros2_car/install/description/share/description/mesh/lds.stl
[1.281s] -- Up-to-date: /home/lotanna/Desktop/ros2_car/install/description/share/description/mesh/waffle_base.stl
[1.282s] -- Up-to-date: /home/lotanna/Desktop/ros2_car/install/description/share/description/launch
[1.282s] -- Up-to-date: /home/lotanna/Desktop/ros2_car/install/description/share/description/launch/display.launch.py
[1.282s] -- Installing: /home/lotanna/Desktop/ros2_car/install/description/share/description/scripts
[1.283s] -- Installing: /home/lotanna/Desktop/ros2_car/install/description/share/description/scripts/fake_lidar.py
[1.283s] -- Up-to-date: /home/lotanna/Desktop/ros2_car/install/description/share/ament_index/resource_index/package_run_dependencies/description
[1.283s] -- Installing: /home/lotanna/Desktop/ros2_car/install/description/share/ament_index/resource_index/parent_prefix_path/description
[1.346s] -- Up-to-date: /home/lotanna/Desktop/ros2_car/install/description/share/description/environment/ament_prefix_path.sh
[1.346s] -- Up-to-date: /home/lotanna/Desktop/ros2_car/install/description/share/description/environment/ament_prefix_path.dsv
[1.347s] -- Up-to-date: /home/lotanna/Desktop/ros2_car/install/description/share/description/environment/path.sh
[1.347s] -- Up-to-date: /home/lotanna/Desktop/ros2_car/install/description/share/description/environment/path.dsv
[1.348s] -- Up-to-date: /home/lotanna/Desktop/ros2_car/install/description/share/description/local_setup.bash
[1.349s] -- Up-to-date: /home/lotanna/Desktop/ros2_car/install/description/share/description/local_setup.sh
[1.349s] -- Up-to-date: /home/lotanna/Desktop/ros2_car/install/description/share/description/local_setup.zsh
[1.349s] -- Up-to-date: /home/lotanna/Desktop/ros2_car/install/description/share/description/local_setup.dsv
[1.350s] -- Installing: /home/lotanna/Desktop/ros2_car/install/description/share/description/package.dsv
[1.350s] -- Up-to-date: /home/lotanna/Desktop/ros2_car/install/description/share/ament_index/resource_index/packages/description
[1.351s] -- Up-to-date: /home/lotanna/Desktop/ros2_car/install/description/share/description/cmake/descriptionConfig.cmake
[1.351s] -- Up-to-date: /home/lotanna/Desktop/ros2_car/install/description/share/description/cmake/descriptionConfig-version.cmake
[1.353s] -- Up-to-date: /home/lotanna/Desktop/ros2_car/install/description/share/description/package.xml
[1.354s] Invoked command in '/home/lotanna/Desktop/ros2_car/build/description' returned '0': CMAKE_PREFIX_PATH=${CMAKE_PREFIX_PATH}:/home/lotanna/Desktop/ros2_ws/install/robot_controller:/opt/ros/jazzy DEBUGINFOD_URLS=https://debuginfod.ubuntu.com /usr/bin/cmake --install /home/lotanna/Desktop/ros2_car/build/description
