-- Install configuration: ""
-- Up-to-date: /home/lotanna/Desktop/ros2_car/install/description/share/description/urdf
-- Installing: /home/lotanna/Desktop/ros2_car/install/description/share/description/urdf/my_robot.urdf.xacro
-- Up-to-date: /home/lotanna/Desktop/ros2_car/install/description/share/description/rviz
-- Up-to-date: /home/lotanna/Desktop/ros2_car/install/description/share/description/mesh
-- Up-to-date: /home/lotanna/Desktop/ros2_car/install/description/share/description/mesh/right_tire.dae
-- Up-to-date: /home/lotanna/Desktop/ros2_car/install/description/share/description/mesh/waffle_base.dae
-- Up-to-date: /home/lotanna/Desktop/ros2_car/install/description/share/description/mesh/right_tire.stl
-- Up-to-date: /home/lotanna/Desktop/ros2_car/install/description/share/description/mesh/left_tire.stl
-- Up-to-date: /home/lotanna/Desktop/ros2_car/install/description/share/description/mesh/left_tire.dae
-- Up-to-date: /home/lotanna/Desktop/ros2_car/install/description/share/description/mesh/waffle_base.stl
-- Up-to-date: /home/lotanna/Desktop/ros2_car/install/description/share/description/launch
-- Up-to-date: /home/lotanna/Desktop/ros2_car/install/description/share/description/launch/display.launch.py
-- Up-to-date: /home/lotanna/Desktop/ros2_car/install/description/share/ament_index/resource_index/package_run_dependencies/description
-- Up-to-date: /home/lotanna/Desktop/ros2_car/install/description/share/ament_index/resource_index/parent_prefix_path/description
-- Up-to-date: /home/lotanna/Desktop/ros2_car/install/description/share/description/environment/ament_prefix_path.sh
-- Up-to-date: /home/lotanna/Desktop/ros2_car/install/description/share/description/environment/ament_prefix_path.dsv
-- Up-to-date: /home/lotanna/Desktop/ros2_car/install/description/share/description/environment/path.sh
-- Up-to-date: /home/lotanna/Desktop/ros2_car/install/description/share/description/environment/path.dsv
-- Up-to-date: /home/lotanna/Desktop/ros2_car/install/description/share/description/local_setup.bash
-- Up-to-date: /home/lotanna/Desktop/ros2_car/install/description/share/description/local_setup.sh
-- Up-to-date: /home/lotanna/Desktop/ros2_car/install/description/share/description/local_setup.zsh
-- Up-to-date: /home/lotanna/Desktop/ros2_car/install/description/share/description/local_setup.dsv
-- Installing: /home/lotanna/Desktop/ros2_car/install/description/share/description/package.dsv
-- Up-to-date: /home/lotanna/Desktop/ros2_car/install/description/share/ament_index/resource_index/packages/description
-- Up-to-date: /home/lotanna/Desktop/ros2_car/install/description/share/description/cmake/descriptionConfig.cmake
-- Up-to-date: /home/lotanna/Desktop/ros2_car/install/description/share/description/cmake/descriptionConfig-version.cmake
-- Up-to-date: /home/lotanna/Desktop/ros2_car/install/description/share/description/package.xml
